Archive member included to satisfy reference by file (symbol)

/usr/lib/gcc/avr/4.9.2/../../../avr/lib/avr5/libm.a(fixsfsi.o)
                              obj_gh60_lufa/common/mousekey.o (__fixsfsi)
/usr/lib/gcc/avr/4.9.2/../../../avr/lib/avr5/libm.a(fixunssfsi.o)
                              /usr/lib/gcc/avr/4.9.2/../../../avr/lib/avr5/libm.a(fixsfsi.o) (__fixunssfsi)
/usr/lib/gcc/avr/4.9.2/../../../avr/lib/avr5/libm.a(floatsisf.o)
                              obj_gh60_lufa/common/mousekey.o (__floatsisf)
/usr/lib/gcc/avr/4.9.2/../../../avr/lib/avr5/libm.a(fp_split3.o)
                              /usr/lib/gcc/avr/4.9.2/../../../avr/lib/avr5/libm.a(fixunssfsi.o) (__fp_splitA)
/usr/lib/gcc/avr/4.9.2/../../../avr/lib/avr5/libm.a(fp_zero.o)
                              /usr/lib/gcc/avr/4.9.2/../../../avr/lib/avr5/libm.a(fixunssfsi.o) (__fp_zero)
/usr/lib/gcc/avr/4.9.2/../../../avr/lib/avr5/libm.a(mulsf3.o)
                              obj_gh60_lufa/common/mousekey.o (__mulsf3)
/usr/lib/gcc/avr/4.9.2/../../../avr/lib/avr5/libm.a(mulsf3x.o)
                              /usr/lib/gcc/avr/4.9.2/../../../avr/lib/avr5/libm.a(mulsf3.o) (__mulsf3x)
/usr/lib/gcc/avr/4.9.2/../../../avr/lib/avr5/libm.a(fp_inf.o)
                              /usr/lib/gcc/avr/4.9.2/../../../avr/lib/avr5/libm.a(mulsf3x.o) (__fp_inf)
/usr/lib/gcc/avr/4.9.2/../../../avr/lib/avr5/libm.a(fp_nan.o)
                              /usr/lib/gcc/avr/4.9.2/../../../avr/lib/avr5/libm.a(mulsf3x.o) (__fp_nan)
/usr/lib/gcc/avr/4.9.2/../../../avr/lib/avr5/libm.a(fp_pscA.o)
                              /usr/lib/gcc/avr/4.9.2/../../../avr/lib/avr5/libm.a(mulsf3x.o) (__fp_pscA)
/usr/lib/gcc/avr/4.9.2/../../../avr/lib/avr5/libm.a(fp_pscB.o)
                              /usr/lib/gcc/avr/4.9.2/../../../avr/lib/avr5/libm.a(mulsf3x.o) (__fp_pscB)
/usr/lib/gcc/avr/4.9.2/../../../avr/lib/avr5/libm.a(fp_round.o)
                              /usr/lib/gcc/avr/4.9.2/../../../avr/lib/avr5/libm.a(mulsf3.o) (__fp_round)
/usr/lib/gcc/avr/4.9.2/avr5/libgcc.a(_udivmodqi4.o)
                              obj_gh60_lufa/protocol/lufa/lufa.o (__udivmodqi4)
/usr/lib/gcc/avr/4.9.2/avr5/libgcc.a(_divmodhi4.o)
                              obj_gh60_lufa/common/mousekey.o (__divmodhi4)
/usr/lib/gcc/avr/4.9.2/avr5/libgcc.a(_exit.o)
                              /usr/lib/gcc/avr/4.9.2/../../../avr/lib/avr5/crtatmega32u4.o (exit)
/usr/lib/gcc/avr/4.9.2/avr5/libgcc.a(_tablejump2.o)
                              obj_gh60_lufa/protocol/lufa/LUFA-git/LUFA/Drivers/USB/Core/DeviceStandardReq.o (__tablejump2__)
/usr/lib/gcc/avr/4.9.2/avr5/libgcc.a(_copy_data.o)
                              obj_gh60_lufa/matrix.o (__do_copy_data)
/usr/lib/gcc/avr/4.9.2/avr5/libgcc.a(_clear_bss.o)
                              obj_gh60_lufa/matrix.o (__do_clear_bss)
/usr/lib/gcc/avr/4.9.2/avr5/libgcc.a(_udivmodhi4.o)
                              /usr/lib/gcc/avr/4.9.2/avr5/libgcc.a(_divmodhi4.o) (__udivmodhi4)
/usr/lib/gcc/avr/4.9.2/../../../avr/lib/avr5/libatmega32u4.a(eerd_byte.o)
                              obj_gh60_lufa/protocol/lufa/LUFA-git/LUFA/Drivers/USB/Core/AVR8/EndpointStream_AVR8.o (eeprom_read_byte)
/usr/lib/gcc/avr/4.9.2/../../../avr/lib/avr5/libatmega32u4.a(eerd_word.o)
                              obj_gh60_lufa/common/avr/eeconfig.o (eeprom_read_word)
/usr/lib/gcc/avr/4.9.2/../../../avr/lib/avr5/libatmega32u4.a(eeupd_byte.o)
                              obj_gh60_lufa/protocol/lufa/LUFA-git/LUFA/Drivers/USB/Core/AVR8/EndpointStream_AVR8.o (eeprom_update_byte)
/usr/lib/gcc/avr/4.9.2/../../../avr/lib/avr5/libatmega32u4.a(eewr_byte.o)
                              obj_gh60_lufa/common/avr/eeconfig.o (eeprom_write_byte)
/usr/lib/gcc/avr/4.9.2/../../../avr/lib/avr5/libatmega32u4.a(eewr_word.o)
                              obj_gh60_lufa/common/avr/eeconfig.o (eeprom_write_word)
/usr/lib/gcc/avr/4.9.2/../../../avr/lib/avr5/libatmega32u4.a(eerd_block.o)
                              /usr/lib/gcc/avr/4.9.2/../../../avr/lib/avr5/libatmega32u4.a(eerd_word.o) (eeprom_read_blraw)

Allocating common symbols
Common symbol       size              file

USB_IsInitialized   0x1               obj_gh60_lufa/protocol/lufa/LUFA-git/LUFA/Drivers/USB/Core/USBTask.o
keymap_config       0x1               obj_gh60_lufa/common/bootmagic.o
USB_DeviceState     0x1               obj_gh60_lufa/protocol/lufa/LUFA-git/LUFA/Drivers/USB/Core/USBTask.o
USB_Device_ConfigurationNumber
                    0x1               obj_gh60_lufa/protocol/lufa/LUFA-git/LUFA/Drivers/USB/Core/DeviceStandardReq.o
USB_Device_CurrentlySelfPowered
                    0x1               obj_gh60_lufa/protocol/lufa/LUFA-git/LUFA/Drivers/USB/Core/DeviceStandardReq.o
USB_ControlRequest  0x8               obj_gh60_lufa/protocol/lufa/LUFA-git/LUFA/Drivers/USB/Core/USBTask.o
USB_Device_RemoteWakeupEnabled
                    0x1               obj_gh60_lufa/protocol/lufa/LUFA-git/LUFA/Drivers/USB/Core/DeviceStandardReq.o

[...]
Memory Configuration

Name             Origin             Length             Attributes
text             0x0000000000000000 0x0000000000020000 xr
data             0x0000000000800060 0x000000000000ffa0 rw !x
eeprom           0x0000000000810000 0x0000000000010000 rw !x
fuse             0x0000000000820000 0x0000000000000400 rw !x
lock             0x0000000000830000 0x0000000000000400 rw !x
signature        0x0000000000840000 0x0000000000000400 rw !x
user_signatures  0x0000000000850000 0x0000000000000400 rw !x
*default*        0x0000000000000000 0xffffffffffffffff

Linker script and memory map

Address of section .data set to 0x800100
LOAD /usr/lib/gcc/avr/4.9.2/../../../avr/lib/avr5/crtatmega32u4.o
LOAD obj_gh60_lufa/keymap_plain.o
LOAD obj_gh60_lufa/matrix.o
LOAD obj_gh60_lufa/led.o
LOAD obj_gh60_lufa/protocol/lufa/lufa.o
LOAD obj_gh60_lufa/protocol/lufa/descriptor.o
LOAD obj_gh60_lufa/protocol/lufa/LUFA-git/LUFA/Drivers/USB/Class/Common/HIDParser.o
LOAD obj_gh60_lufa/protocol/lufa/LUFA-git/LUFA/Drivers/USB/Core/AVR8/Device_AVR8.o
LOAD obj_gh60_lufa/protocol/lufa/LUFA-git/LUFA/Drivers/USB/Core/AVR8/EndpointStream_AVR8.o
LOAD obj_gh60_lufa/protocol/lufa/LUFA-git/LUFA/Drivers/USB/Core/AVR8/Endpoint_AVR8.o
LOAD obj_gh60_lufa/protocol/lufa/LUFA-git/LUFA/Drivers/USB/Core/AVR8/Host_AVR8.o
LOAD obj_gh60_lufa/protocol/lufa/LUFA-git/LUFA/Drivers/USB/Core/AVR8/PipeStream_AVR8.o
LOAD obj_gh60_lufa/protocol/lufa/LUFA-git/LUFA/Drivers/USB/Core/AVR8/Pipe_AVR8.o
LOAD obj_gh60_lufa/protocol/lufa/LUFA-git/LUFA/Drivers/USB/Core/AVR8/USBController_AVR8.o
LOAD obj_gh60_lufa/protocol/lufa/LUFA-git/LUFA/Drivers/USB/Core/AVR8/USBInterrupt_AVR8.o
LOAD obj_gh60_lufa/protocol/lufa/LUFA-git/LUFA/Drivers/USB/Core/ConfigDescriptors.o
LOAD obj_gh60_lufa/protocol/lufa/LUFA-git/LUFA/Drivers/USB/Core/DeviceStandardReq.o
LOAD obj_gh60_lufa/protocol/lufa/LUFA-git/LUFA/Drivers/USB/Core/Events.o
LOAD obj_gh60_lufa/protocol/lufa/LUFA-git/LUFA/Drivers/USB/Core/HostStandardReq.o
LOAD obj_gh60_lufa/protocol/lufa/LUFA-git/LUFA/Drivers/USB/Core/USBTask.o
LOAD obj_gh60_lufa/common/host.o
LOAD obj_gh60_lufa/common/keyboard.o
LOAD obj_gh60_lufa/common/action.o
LOAD obj_gh60_lufa/common/action_tapping.o
LOAD obj_gh60_lufa/common/action_macro.o
LOAD obj_gh60_lufa/common/action_layer.o
LOAD obj_gh60_lufa/common/action_util.o
LOAD obj_gh60_lufa/common/print.o
LOAD obj_gh60_lufa/common/debug.o
LOAD obj_gh60_lufa/common/util.o
LOAD obj_gh60_lufa/common/hook.o
LOAD obj_gh60_lufa/common/avr/suspend.o
LOAD obj_gh60_lufa/common/avr/xprintf.o
LOAD obj_gh60_lufa/common/avr/timer.o
LOAD obj_gh60_lufa/common/avr/bootloader.o
LOAD obj_gh60_lufa/common/keymap.o
LOAD obj_gh60_lufa/common/bootmagic.o
LOAD obj_gh60_lufa/common/avr/eeconfig.o
LOAD obj_gh60_lufa/common/mousekey.o
LOAD obj_gh60_lufa/common/command.o
LOAD /usr/lib/gcc/avr/4.9.2/../../../avr/lib/avr5/libm.a
START GROUP
LOAD /usr/lib/gcc/avr/4.9.2/avr5/libgcc.a
LOAD /usr/lib/gcc/avr/4.9.2/../../../avr/lib/avr5/libm.a
LOAD /usr/lib/gcc/avr/4.9.2/../../../avr/lib/avr5/libc.a
LOAD /usr/lib/gcc/avr/4.9.2/../../../avr/lib/avr5/libatmega32u4.a
END GROUP

.hash
 *(.hash)

.dynsym
 *(.dynsym)

.dynstr
 *(.dynstr)

.gnu.version
 *(.gnu.version)

.gnu.version_d
 *(.gnu.version_d)

.gnu.version_r
 *(.gnu.version_r)

.rel.init
 *(.rel.init)

.rela.init
 *(.rela.init)

.rel.text
 *(.rel.text)
 *(.rel.text.*)
 *(.rel.gnu.linkonce.t*)

.rela.text
 *(.rela.text)
 *(.rela.text.*)
 *(.rela.gnu.linkonce.t*)

.rel.fini
 *(.rel.fini)

.rela.fini
 *(.rela.fini)

.rel.rodata
 *(.rel.rodata)
 *(.rel.rodata.*)
 *(.rel.gnu.linkonce.r*)

.rela.rodata
 *(.rela.rodata)
 *(.rela.rodata.*)
 *(.rela.gnu.linkonce.r*)

.rel.data
 *(.rel.data)
 *(.rel.data.*)
 *(.rel.gnu.linkonce.d*)

.rela.data
 *(.rela.data)
 *(.rela.data.*)
 *(.rela.gnu.linkonce.d*)

.rel.ctors
 *(.rel.ctors)

.rela.ctors
 *(.rela.ctors)

.rel.dtors
 *(.rel.dtors)

.rela.dtors
 *(.rela.dtors)

.rel.got
 *(.rel.got)

.rela.got
 *(.rela.got)

.rel.bss
 *(.rel.bss)

.rela.bss
 *(.rela.bss)

.rel.plt
 *(.rel.plt)

.rela.plt
 *(.rela.plt)

.text           0x0000000000000000     0x54a0
 *(.vectors)
 .vectors       0x0000000000000000       0xac /usr/lib/gcc/avr/4.9.2/../../../avr/lib/avr5/crtatmega32u4.o
                0x0000000000000000                __vectors
                0x0000000000000000                __vector_default
 *(.vectors)
 *(.progmem.gcc*)
 .progmem.gcc_sw_table.USB_Device_ProcessControlRequest
                0x00000000000000ac       0x14 obj_gh60_lufa/protocol/lufa/LUFA-git/LUFA/Drivers/USB/Core/DeviceStandardReq.o
 .progmem.gcc_sw_table.process_action
                0x00000000000000c0       0x20 obj_gh60_lufa/common/action.o
                0x00000000000000e0                . = ALIGN (0x2)
                0x00000000000000e0                __trampolines_start = .
 *(.trampolines)
 .trampolines   0x00000000000000e0        0x0 linker stubs
 *(.trampolines*)
                0x00000000000000e0                __trampolines_end = .
 *(.progmem*)
 .progmem.data.__m.4697
                0x00000000000000e0       0x19 obj_gh60_lufa/keymap_plain.o
 .progmem.data.__m.4694
                0x00000000000000f9       0x2d obj_gh60_lufa/keymap_plain.o
 .progmem.data.__m.4691
                0x0000000000000126       0x31 obj_gh60_lufa/keymap_plain.o
 .progmem.data.__m.4688
                0x0000000000000157       0xd5 obj_gh60_lufa/keymap_plain.o
 .progmem.data.fn_actions
                0x000000000000022c       0x10 obj_gh60_lufa/keymap_plain.o
                0x000000000000022c                fn_actions
 .progmem.data.keymaps
                0x000000000000023c       0x64 obj_gh60_lufa/keymap_plain.o
                0x000000000000023c                keymaps
 .progmem.data.__c.1942
                0x00000000000002a0        0x2 obj_gh60_lufa/matrix.o
 .progmem.data.__c.1940
                0x00000000000002a2        0x6 obj_gh60_lufa/matrix.o
 .progmem.data.__c.1938
                0x00000000000002a8        0x3 obj_gh60_lufa/matrix.o
 .progmem.data.__c.1936
                0x00000000000002ab        0x5 obj_gh60_lufa/matrix.o
 .progmem.data.__c.1933
                0x00000000000002b0       0x17 obj_gh60_lufa/matrix.o
 .progmem.data.__c.1911
                0x00000000000002c7        0x2 obj_gh60_lufa/matrix.o
 .progmem.data.__c.1909
                0x00000000000002c9        0x5 obj_gh60_lufa/matrix.o
 .progmem.data.__c.1907
                0x00000000000002ce        0xa obj_gh60_lufa/matrix.o
 .progmem.data.__c.4833
                0x00000000000002d8        0x4 obj_gh60_lufa/protocol/lufa/lufa.o
 .progmem.data.__c.4831
                0x00000000000002dc       0x11 obj_gh60_lufa/protocol/lufa/lufa.o
 .progmem.data.__c.4829
                0x00000000000002ed       0x11 obj_gh60_lufa/protocol/lufa/lufa.o
 .progmem.data.__c.4727
                0x00000000000002fe        0x4 obj_gh60_lufa/protocol/lufa/lufa.o
 .progmem.data.__c.4723
                0x0000000000000302        0x4 obj_gh60_lufa/protocol/lufa/lufa.o
 .progmem.data.__c.4719
                0x0000000000000306        0x4 obj_gh60_lufa/protocol/lufa/lufa.o
 .progmem.data.__c.4714
                0x000000000000030a        0x4 obj_gh60_lufa/protocol/lufa/lufa.o
 .progmem.data.__c.4709
                0x000000000000030e        0x4 obj_gh60_lufa/protocol/lufa/lufa.o
 .progmem.data.ProductString
                0x0000000000000312        0xc obj_gh60_lufa/protocol/lufa/descriptor.o
                0x0000000000000312                ProductString
 .progmem.data.ManufacturerString
                0x000000000000031e       0x14 obj_gh60_lufa/protocol/lufa/descriptor.o
                0x000000000000031e                ManufacturerString
 .progmem.data.LanguageString
                0x0000000000000332        0x4 obj_gh60_lufa/protocol/lufa/descriptor.o
                0x0000000000000332                LanguageString
 .progmem.data.ConfigurationDescriptor
                0x0000000000000336       0x8d obj_gh60_lufa/protocol/lufa/descriptor.o
                0x0000000000000336                ConfigurationDescriptor
 .progmem.data.DeviceDescriptor
                0x00000000000003c3       0x12 obj_gh60_lufa/protocol/lufa/descriptor.o
                0x00000000000003c3                DeviceDescriptor
 .progmem.data.NKROReport
                0x00000000000003d5       0x39 obj_gh60_lufa/protocol/lufa/descriptor.o
                0x00000000000003d5                NKROReport
 .progmem.data.ConsoleReport
                0x000000000000040e       0x22 obj_gh60_lufa/protocol/lufa/descriptor.o
                0x000000000000040e                ConsoleReport
 .progmem.data.ExtrakeyReport
                0x0000000000000430       0x36 obj_gh60_lufa/protocol/lufa/descriptor.o
                0x0000000000000430                ExtrakeyReport
 .progmem.data.MouseReport
                0x0000000000000466       0x4d obj_gh60_lufa/protocol/lufa/descriptor.o
                0x0000000000000466                MouseReport
 .progmem.data.KeyboardReport
                0x00000000000004b3       0x40 obj_gh60_lufa/protocol/lufa/descriptor.o
                0x00000000000004b3                KeyboardReport
 .progmem.data.__c.4447
                0x00000000000004f3        0x2 obj_gh60_lufa/common/host.o
 .progmem.data.__c.4442
                0x00000000000004f5        0x6 obj_gh60_lufa/common/host.o
 .progmem.data.__c.4439
                0x00000000000004fb       0x12 obj_gh60_lufa/common/host.o
 .progmem.data.__c.4802
                0x000000000000050d        0xb obj_gh60_lufa/common/keyboard.o
 .progmem.data.__c.4587
                0x0000000000000518       0x1e obj_gh60_lufa/common/action_util.o
 .progmem.data.__c.4582
                0x0000000000000536       0x1e obj_gh60_lufa/common/action_util.o
 .progmem.data.__c.4751
                0x0000000000000554        0x7 obj_gh60_lufa/common/bootmagic.o
 .progmem.data.__c.4745
                0x000000000000055b       0x15 obj_gh60_lufa/common/bootmagic.o
 .progmem.data.__c.4519
                0x0000000000000570        0x3 obj_gh60_lufa/common/mousekey.o
 .progmem.data.__c.4517
                0x0000000000000573        0x3 obj_gh60_lufa/common/mousekey.o
 .progmem.data.__c.4515
                0x0000000000000576        0x2 obj_gh60_lufa/common/mousekey.o
 .progmem.data.__c.4513
                0x0000000000000578        0x3 obj_gh60_lufa/common/mousekey.o
 .progmem.data.__c.4511
                0x000000000000057b        0x3 obj_gh60_lufa/common/mousekey.o
 .progmem.data.__c.4509
                0x000000000000057e        0x3 obj_gh60_lufa/common/mousekey.o
 .progmem.data.__c.4507
                0x0000000000000581        0x2 obj_gh60_lufa/common/mousekey.o
 .progmem.data.__c.4505
                0x0000000000000583        0x3 obj_gh60_lufa/common/mousekey.o
 .progmem.data.__c.4503
                0x0000000000000586        0x2 obj_gh60_lufa/common/mousekey.o
 .progmem.data.__c.4501
                0x0000000000000588        0x3 obj_gh60_lufa/common/mousekey.o
 .progmem.data.__c.4499
                0x000000000000058b        0x2 obj_gh60_lufa/common/mousekey.o
 .progmem.data.__c.4497
                0x000000000000058d        0x3 obj_gh60_lufa/common/mousekey.o
 .progmem.data.__c.4495
                0x0000000000000590        0x2 obj_gh60_lufa/common/mousekey.o
 .progmem.data.__c.4493
                0x0000000000000592        0x5 obj_gh60_lufa/common/mousekey.o
 .progmem.data.__c.4491
                0x0000000000000597       0x23 obj_gh60_lufa/common/mousekey.o
 .progmem.data.__c.5116
                0x00000000000005ba       0x1b obj_gh60_lufa/common/command.o
 .progmem.data.__c.5113
                0x00000000000005d5       0x19 obj_gh60_lufa/common/command.o
 .progmem.data.__c.5110
                0x00000000000005ee       0x15 obj_gh60_lufa/common/command.o
 .progmem.data.__c.5107
                0x0000000000000603       0x13 obj_gh60_lufa/common/command.o
 .progmem.data.__c.5104
                0x0000000000000616       0x12 obj_gh60_lufa/common/command.o
 .progmem.data.__c.5100
                0x0000000000000628        0xf obj_gh60_lufa/common/command.o
 .progmem.data.__c.5093
                0x0000000000000637       0x1b obj_gh60_lufa/common/command.o
 .progmem.data.__c.5090
                0x0000000000000652       0x19 obj_gh60_lufa/common/command.o
 .progmem.data.__c.5087
                0x000000000000066b       0x15 obj_gh60_lufa/common/command.o
 .progmem.data.__c.5084
                0x0000000000000680       0x13 obj_gh60_lufa/common/command.o
 .progmem.data.__c.5081
                0x0000000000000693       0x12 obj_gh60_lufa/common/command.o
 .progmem.data.__c.5077
                0x00000000000006a5        0xf obj_gh60_lufa/common/command.o
 .progmem.data.__c.5070
                0x00000000000006b4        0x2 obj_gh60_lufa/common/command.o
 .progmem.data.__c.5068
                0x00000000000006b6        0x3 obj_gh60_lufa/common/command.o
 .progmem.data.__c.5066
                0x00000000000006b9       0x17 obj_gh60_lufa/common/command.o
 .progmem.data.__c.5064
                0x00000000000006d0        0x2 obj_gh60_lufa/common/command.o
 .progmem.data.__c.5062
                0x00000000000006d2        0x3 obj_gh60_lufa/common/command.o
 .progmem.data.__c.5060
                0x00000000000006d5       0x15 obj_gh60_lufa/common/command.o
 .progmem.data.__c.5058
                0x00000000000006ea        0x2 obj_gh60_lufa/common/command.o
 .progmem.data.__c.5056
                0x00000000000006ec        0x3 obj_gh60_lufa/common/command.o
 .progmem.data.__c.5054
                0x00000000000006ef       0x11 obj_gh60_lufa/common/command.o
 .progmem.data.__c.5052
                0x0000000000000700        0x2 obj_gh60_lufa/common/command.o
 .progmem.data.__c.5050
                0x0000000000000702        0x3 obj_gh60_lufa/common/command.o
 .progmem.data.__c.5048
                0x0000000000000705        0xf obj_gh60_lufa/common/command.o
 .progmem.data.__c.5046
                0x0000000000000714        0x2 obj_gh60_lufa/common/command.o
 .progmem.data.__c.5044
                0x0000000000000716        0x3 obj_gh60_lufa/common/command.o
 .progmem.data.__c.5042
                0x0000000000000719       0x12 obj_gh60_lufa/common/command.o
 .progmem.data.__c.5040
                0x000000000000072b        0x2 obj_gh60_lufa/common/command.o
 .progmem.data.__c.5038
                0x000000000000072d        0x3 obj_gh60_lufa/common/command.o
 .progmem.data.__c.5036
                0x0000000000000730       0x12 obj_gh60_lufa/common/command.o
 .progmem.data.__c.5034
                0x0000000000000742        0xe obj_gh60_lufa/common/command.o
 .progmem.data.__c.5154
                0x0000000000000750        0x3 obj_gh60_lufa/common/command.o
 .progmem.data.__c.5152
                0x0000000000000753        0x6 obj_gh60_lufa/common/command.o
 .progmem.data.__c.5150
                0x0000000000000759        0x2 obj_gh60_lufa/common/command.o
 .progmem.data.__c.5147
                0x000000000000075b        0xd obj_gh60_lufa/common/command.o
 .progmem.data.__c.5133
                0x0000000000000768        0x4 obj_gh60_lufa/common/command.o
 .progmem.data.__c.5123
                0x000000000000076c       0x4e obj_gh60_lufa/common/command.o
 .progmem.data.__c.5121
                0x00000000000007ba       0xfb obj_gh60_lufa/common/command.o
 .progmem.data.__c.5026
                0x00000000000008b5        0x2 obj_gh60_lufa/common/command.o
 .progmem.data.__c.5023
                0x00000000000008b7        0x4 obj_gh60_lufa/common/command.o
 .progmem.data.__c.5028
                0x00000000000008bb        0x4 obj_gh60_lufa/common/command.o
 .progmem.data.__c.5172
                0x00000000000008bf        0x5 obj_gh60_lufa/common/command.o
 .progmem.data.__c.5012
                0x00000000000008c4       0x27 obj_gh60_lufa/common/command.o
 .progmem.data.__c.4837
                0x00000000000008eb       0xa5 obj_gh60_lufa/common/command.o
 .progmem.data.__c.4932
                0x0000000000000990        0x2 obj_gh60_lufa/common/command.o
 .progmem.data.__c.4930
                0x0000000000000992        0x3 obj_gh60_lufa/common/command.o
 .progmem.data.__c.4928
                0x0000000000000995        0x8 obj_gh60_lufa/common/command.o
 .progmem.data.__c.4926
                0x000000000000099d        0x2 obj_gh60_lufa/common/command.o
 .progmem.data.__c.4924
                0x000000000000099f        0x3 obj_gh60_lufa/common/command.o
 .progmem.data.__c.4922
                0x00000000000009a2       0x1c obj_gh60_lufa/common/command.o
 .progmem.data.__c.4920
                0x00000000000009be        0x2 obj_gh60_lufa/common/command.o
 .progmem.data.__c.4918
                0x00000000000009c0        0x3 obj_gh60_lufa/common/command.o
 .progmem.data.__c.4916
                0x00000000000009c3       0x12 obj_gh60_lufa/common/command.o
 .progmem.data.__c.4914
                0x00000000000009d5        0x2 obj_gh60_lufa/common/command.o
 .progmem.data.__c.4912
                0x00000000000009d7        0x3 obj_gh60_lufa/common/command.o
 .progmem.data.__c.4910
                0x00000000000009da        0xa obj_gh60_lufa/common/command.o
 .progmem.data.__c.4908
                0x00000000000009e4        0x2 obj_gh60_lufa/common/command.o
 .progmem.data.__c.4906
                0x00000000000009e6        0x3 obj_gh60_lufa/common/command.o
 .progmem.data.__c.4904
                0x00000000000009e9       0x12 obj_gh60_lufa/common/command.o
 .progmem.data.__c.4902
                0x00000000000009fb        0x2 obj_gh60_lufa/common/command.o
 .progmem.data.__c.4900
                0x00000000000009fd        0x3 obj_gh60_lufa/common/command.o
 .progmem.data.__c.4898
                0x0000000000000a00       0x12 obj_gh60_lufa/common/command.o
 .progmem.data.__c.4896
                0x0000000000000a12        0x2 obj_gh60_lufa/common/command.o
 .progmem.data.__c.4894
                0x0000000000000a14        0x3 obj_gh60_lufa/common/command.o
 .progmem.data.__c.4892
                0x0000000000000a17       0x17 obj_gh60_lufa/common/command.o
 .progmem.data.__c.4890
                0x0000000000000a2e        0x2 obj_gh60_lufa/common/command.o
 .progmem.data.__c.4888
                0x0000000000000a30        0x3 obj_gh60_lufa/common/command.o
 .progmem.data.__c.4886
                0x0000000000000a33       0x19 obj_gh60_lufa/common/command.o
 .progmem.data.__c.4884
                0x0000000000000a4c        0x2 obj_gh60_lufa/common/command.o
 .progmem.data.__c.4882
                0x0000000000000a4e        0x5 obj_gh60_lufa/common/command.o
 .progmem.data.__c.4880
                0x0000000000000a53       0x14 obj_gh60_lufa/common/command.o
 .progmem.data.__c.4877
                0x0000000000000a67        0x2 obj_gh60_lufa/common/command.o
 .progmem.data.__c.4875
                0x0000000000000a69        0x3 obj_gh60_lufa/common/command.o
 .progmem.data.__c.4873
                0x0000000000000a6c        0x9 obj_gh60_lufa/common/command.o
 .progmem.data.__c.4871
                0x0000000000000a75        0x2 obj_gh60_lufa/common/command.o
 .progmem.data.__c.4869
                0x0000000000000a77        0x3 obj_gh60_lufa/common/command.o
 .progmem.data.__c.4867
                0x0000000000000a7a        0xc obj_gh60_lufa/common/command.o
 .progmem.data.__c.4865
                0x0000000000000a86        0x2 obj_gh60_lufa/common/command.o
 .progmem.data.__c.4863
                0x0000000000000a88        0x3 obj_gh60_lufa/common/command.o
 .progmem.data.__c.4861
                0x0000000000000a8b        0xa obj_gh60_lufa/common/command.o
 .progmem.data.__c.4859
                0x0000000000000a95        0x2 obj_gh60_lufa/common/command.o
 .progmem.data.__c.4857
                0x0000000000000a97        0x3 obj_gh60_lufa/common/command.o
 .progmem.data.__c.4855
                0x0000000000000a9a        0xa obj_gh60_lufa/common/command.o
 .progmem.data.__c.4853
                0x0000000000000aa4        0x2 obj_gh60_lufa/common/command.o
 .progmem.data.__c.4851
                0x0000000000000aa6        0x5 obj_gh60_lufa/common/command.o
 .progmem.data.__c.4849
                0x0000000000000aab       0x13 obj_gh60_lufa/common/command.o
 .progmem.data.__c.4846
                0x0000000000000abe        0x2 obj_gh60_lufa/common/command.o
 .progmem.data.__c.4844
                0x0000000000000ac0        0x3 obj_gh60_lufa/common/command.o
 .progmem.data.__c.4842
                0x0000000000000ac3       0x10 obj_gh60_lufa/common/command.o
 .progmem.data.__c.5007
                0x0000000000000ad3        0x2 obj_gh60_lufa/common/command.o
 .progmem.data.__c.4998
                0x0000000000000ad5        0xb obj_gh60_lufa/common/command.o
 .progmem.data.__c.4996
                0x0000000000000ae0        0xa obj_gh60_lufa/common/command.o
 .progmem.data.__c.4993
                0x0000000000000aea       0x17 obj_gh60_lufa/common/command.o
 .progmem.data.__c.4991
                0x0000000000000b01       0x13 obj_gh60_lufa/common/command.o
 .progmem.data.__c.4989
                0x0000000000000b14       0x13 obj_gh60_lufa/common/command.o
 .progmem.data.__c.4987
                0x0000000000000b27       0x17 obj_gh60_lufa/common/command.o
 .progmem.data.__c.4985
                0x0000000000000b3e       0x1a obj_gh60_lufa/common/command.o
 .progmem.data.__c.4983
                0x0000000000000b58        0xe obj_gh60_lufa/common/command.o
 .progmem.data.__c.4980
                0x0000000000000b66       0x2e obj_gh60_lufa/common/command.o
 .progmem.data.__c.4978
                0x0000000000000b94       0x45 obj_gh60_lufa/common/command.o
 .progmem.data.__c.4976
                0x0000000000000bd9       0x27 obj_gh60_lufa/common/command.o
 .progmem.data.__c.4974
                0x0000000000000c00       0x35 obj_gh60_lufa/common/command.o
 .progmem.data.__c.4972
                0x0000000000000c35       0x29 obj_gh60_lufa/common/command.o
 .progmem.data.__c.4970
                0x0000000000000c5e        0xf obj_gh60_lufa/common/command.o
 .progmem.data.__c.4967
                0x0000000000000c6d        0xd obj_gh60_lufa/common/command.o
 .progmem.data.__c.4965
                0x0000000000000c7a        0xc obj_gh60_lufa/common/command.o
 .progmem.data.__c.4962
                0x0000000000000c86       0x10 obj_gh60_lufa/common/command.o
 .progmem.data.__c.4960
                0x0000000000000c96        0xf obj_gh60_lufa/common/command.o
 .progmem.data.__c.4957
                0x0000000000000ca5        0xe obj_gh60_lufa/common/command.o
 .progmem.data.__c.4955
                0x0000000000000cb3        0xd obj_gh60_lufa/common/command.o
 .progmem.data.__c.4952
                0x0000000000000cc0        0xc obj_gh60_lufa/common/command.o
 .progmem.data.__c.4950
                0x0000000000000ccc        0xd obj_gh60_lufa/common/command.o
 .progmem.data.__c.4947
                0x0000000000000cd9       0x11 obj_gh60_lufa/common/command.o
 .progmem.data.__c.4944
                0x0000000000000cea        0x4 obj_gh60_lufa/common/command.o
 .progmem.data.__c.4938
                0x0000000000000cee        0xb obj_gh60_lufa/common/command.o
                0x0000000000000cfa                . = ALIGN (0x2)
 *fill*         0x0000000000000cf9        0x1 
 *(.jumptables)
 *(.jumptables*)
 *(.lowtext)
 *(.lowtext*)
                0x0000000000000cfa                __ctors_start = .
 *(.ctors)
                0x0000000000000cfa                __ctors_end = .
                0x0000000000000cfa                __dtors_start = .
 *(.dtors)
                0x0000000000000cfa                __dtors_end = .
 SORT(*)(.ctors)
 SORT(*)(.dtors)
 *(.init0)
 .init0         0x0000000000000cfa        0x0 /usr/lib/gcc/avr/4.9.2/../../../avr/lib/avr5/crtatmega32u4.o
                0x0000000000000cfa                __init
 *(.init0)
 *(.init1)
 *(.init1)
 *(.init2)
 .init2         0x0000000000000cfa        0xc /usr/lib/gcc/avr/4.9.2/../../../avr/lib/avr5/crtatmega32u4.o
 *(.init2)
 *(.init3)
 .init3         0x0000000000000d06       0x54 obj_gh60_lufa/common/avr/bootloader.o
                0x0000000000000d06                bootloader_jump_after_watchdog_reset
 *(.init3)
 *(.init4)
 .init4         0x0000000000000d5a       0x16 /usr/lib/gcc/avr/4.9.2/avr5/libgcc.a(_copy_data.o)
                0x0000000000000d5a                __do_copy_data
 .init4         0x0000000000000d70       0x10 /usr/lib/gcc/avr/4.9.2/avr5/libgcc.a(_clear_bss.o)
                0x0000000000000d70                __do_clear_bss
 *(.init4)
 *(.init5)
 *(.init5)
 *(.init6)
 *(.init6)
 *(.init7)
 *(.init7)
 *(.init8)
 *(.init8)
 *(.init9)
 .init9         0x0000000000000d80        0x8 /usr/lib/gcc/avr/4.9.2/../../../avr/lib/avr5/crtatmega32u4.o
 *(.init9)
 *(.text)
 .text          0x0000000000000d88        0x4 /usr/lib/gcc/avr/4.9.2/../../../avr/lib/avr5/crtatmega32u4.o
                0x0000000000000d88                __vector_38
                0x0000000000000d88                __vector_22
                0x0000000000000d88                __vector_28
                0x0000000000000d88                __vector_1
                0x0000000000000d88                __vector_32
                0x0000000000000d88                __vector_34
                0x0000000000000d88                __vector_24
                0x0000000000000d88                __bad_interrupt
                0x0000000000000d88                __vector_6
                0x0000000000000d88                __vector_31
                0x0000000000000d88                __vector_35
                0x0000000000000d88                __vector_39
                0x0000000000000d88                __vector_3
                0x0000000000000d88                __vector_23
                0x0000000000000d88                __vector_30
                0x0000000000000d88                __vector_25
                0x0000000000000d88                __vector_13
                0x0000000000000d88                __vector_17
                0x0000000000000d88                __vector_19
                0x0000000000000d88                __vector_7
                0x0000000000000d88                __vector_41
                0x0000000000000d88                __vector_27
                0x0000000000000d88                __vector_5
                0x0000000000000d88                __vector_33
                0x0000000000000d88                __vector_37
                0x0000000000000d88                __vector_4
                0x0000000000000d88                __vector_9
                0x0000000000000d88                __vector_2
                0x0000000000000d88                __vector_15
                0x0000000000000d88                __vector_36
                0x0000000000000d88                __vector_29
                0x0000000000000d88                __vector_40
                0x0000000000000d88                __vector_8
                0x0000000000000d88                __vector_26
                0x0000000000000d88                __vector_14
                0x0000000000000d88                __vector_16
                0x0000000000000d88                __vector_18
                0x0000000000000d88                __vector_20
                0x0000000000000d88                __vector_42
 .text          0x0000000000000d8c      0x15c obj_gh60_lufa/common/avr/xprintf.o
                0x0000000000000d8c                xputc
                0x0000000000000da4                xputs
                0x0000000000000db2                xitoa
                0x0000000000000ed6                __xprintf
                0x0000000000000ee8                . = ALIGN (0x2)
 *(.text.*)
 .text.action_get_macro
                0x0000000000000ee8       0x34 obj_gh60_lufa/keymap_plain.o
                0x0000000000000ee8                action_get_macro
 .text.unselect_rows
                0x0000000000000f1c        0xe obj_gh60_lufa/matrix.o
 .text.matrix_init
                0x0000000000000f2a       0x26 obj_gh60_lufa/matrix.o
                0x0000000000000f2a                matrix_init
 .text.matrix_scan
                0x0000000000000f50      0x13a obj_gh60_lufa/matrix.o
                0x0000000000000f50                matrix_scan
 .text.matrix_get_row
                0x000000000000108a        0xc obj_gh60_lufa/matrix.o
                0x000000000000108a                matrix_get_row
 .text.matrix_print
                0x0000000000001096       0x8e obj_gh60_lufa/matrix.o
                0x0000000000001096                matrix_print
 .text.led_set  0x0000000000001124        0xe obj_gh60_lufa/led.o
                0x0000000000001124                led_set
 .text.keyboard_leds
                0x0000000000001132        0x6 obj_gh60_lufa/protocol/lufa/lufa.o
 .text.sendchar
                0x0000000000001138       0xc6 obj_gh60_lufa/protocol/lufa/lufa.o
                0x0000000000001138                sendchar
 .text.send_consumer
                0x00000000000011fe       0x68 obj_gh60_lufa/protocol/lufa/lufa.o
 .text.send_system
                0x0000000000001266       0x68 obj_gh60_lufa/protocol/lufa/lufa.o
 .text.send_mouse
                0x00000000000012ce       0x46 obj_gh60_lufa/protocol/lufa/lufa.o
 .text.send_keyboard
                0x0000000000001314       0xa4 obj_gh60_lufa/protocol/lufa/lufa.o
 .text.EVENT_USB_Device_Connect
                0x00000000000013b8       0x24 obj_gh60_lufa/protocol/lufa/lufa.o
                0x00000000000013b8                EVENT_USB_Device_Connect
 .text.EVENT_USB_Device_Disconnect
                0x00000000000013dc        0xe obj_gh60_lufa/protocol/lufa/lufa.o
                0x00000000000013dc                EVENT_USB_Device_Disconnect
 .text.EVENT_USB_Device_Reset
                0x00000000000013ea        0x8 obj_gh60_lufa/protocol/lufa/lufa.o
                0x00000000000013ea                EVENT_USB_Device_Reset
 .text.EVENT_USB_Device_StartOfFrame
                0x00000000000013f2       0x82 obj_gh60_lufa/protocol/lufa/lufa.o
                0x00000000000013f2                EVENT_USB_Device_StartOfFrame
 .text.EVENT_USB_Device_ConfigurationChanged
                0x0000000000001474       0x32 obj_gh60_lufa/protocol/lufa/lufa.o
                0x0000000000001474                EVENT_USB_Device_ConfigurationChanged
 .text.EVENT_USB_Device_ControlRequest
                0x00000000000014a6      0x164 obj_gh60_lufa/protocol/lufa/lufa.o
                0x00000000000014a6                EVENT_USB_Device_ControlRequest
 .text.hook_early_init
                0x000000000000160a        0x2 obj_gh60_lufa/protocol/lufa/lufa.o
                0x000000000000160a                hook_early_init
 .text.hook_late_init
                0x000000000000160c        0x2 obj_gh60_lufa/protocol/lufa/lufa.o
                0x000000000000160c                hook_late_init
 .text.hook_usb_suspend_entry
                0x000000000000160e        0x2 obj_gh60_lufa/protocol/lufa/lufa.o
                0x000000000000160e                hook_usb_suspend_entry
 .text.EVENT_USB_Device_Suspend
                0x0000000000001610        0xc obj_gh60_lufa/protocol/lufa/lufa.o
                0x0000000000001610                EVENT_USB_Device_Suspend
 .text.hook_usb_suspend_loop
                0x000000000000161c       0x18 obj_gh60_lufa/protocol/lufa/lufa.o
                0x000000000000161c                hook_usb_suspend_loop
 .text.startup.main
                0x0000000000001634       0x96 obj_gh60_lufa/protocol/lufa/lufa.o
                0x0000000000001634                main
 .text.hook_usb_wakeup
                0x00000000000016ca        0x4 obj_gh60_lufa/protocol/lufa/lufa.o
                0x00000000000016ca                hook_usb_wakeup
 .text.EVENT_USB_Device_WakeUp
                0x00000000000016ce        0xc obj_gh60_lufa/protocol/lufa/lufa.o
                0x00000000000016ce                EVENT_USB_Device_WakeUp
 .text.CALLBACK_USB_GetDescriptor
                0x00000000000016da       0xb0 obj_gh60_lufa/protocol/lufa/descriptor.o
                0x00000000000016da                CALLBACK_USB_GetDescriptor
 .text.USB_Device_SendRemoteWakeup
                0x000000000000178a       0x2c obj_gh60_lufa/protocol/lufa/LUFA-git/LUFA/Drivers/USB/Core/AVR8/Device_AVR8.o
                0x000000000000178a                USB_Device_SendRemoteWakeup
 .text.Endpoint_Write_Stream_LE
                0x00000000000017b6       0x96 obj_gh60_lufa/protocol/lufa/LUFA-git/LUFA/Drivers/USB/Core/AVR8/EndpointStream_AVR8.o
                0x00000000000017b6                Endpoint_Write_Stream_LE
 .text.Endpoint_Write_Control_Stream_LE
                0x000000000000184c       0xc6 obj_gh60_lufa/protocol/lufa/LUFA-git/LUFA/Drivers/USB/Core/AVR8/EndpointStream_AVR8.o
                0x000000000000184c                Endpoint_Write_Control_Stream_LE
 .text.Endpoint_Write_Control_PStream_LE
                0x0000000000001912       0xc2 obj_gh60_lufa/protocol/lufa/LUFA-git/LUFA/Drivers/USB/Core/AVR8/EndpointStream_AVR8.o
                0x0000000000001912                Endpoint_Write_Control_PStream_LE
 .text.Endpoint_ConfigureEndpoint_Prv
                0x00000000000019d4       0x6a obj_gh60_lufa/protocol/lufa/LUFA-git/LUFA/Drivers/USB/Core/AVR8/Endpoint_AVR8.o
                0x00000000000019d4                Endpoint_ConfigureEndpoint_Prv
 .text.Endpoint_ClearStatusStage
                0x0000000000001a3e       0x3e obj_gh60_lufa/protocol/lufa/LUFA-git/LUFA/Drivers/USB/Core/AVR8/Endpoint_AVR8.o
                0x0000000000001a3e                Endpoint_ClearStatusStage
 .text.Endpoint_WaitUntilReady
                0x0000000000001a7c       0x64 obj_gh60_lufa/protocol/lufa/LUFA-git/LUFA/Drivers/USB/Core/AVR8/Endpoint_AVR8.o
                0x0000000000001a7c                Endpoint_WaitUntilReady
 .text.USB_Disable
                0x0000000000001ae0       0x34 obj_gh60_lufa/protocol/lufa/LUFA-git/LUFA/Drivers/USB/Core/AVR8/USBController_AVR8.o
                0x0000000000001ae0                USB_Disable
 .text.USB_ResetInterface
                0x0000000000001b14       0x86 obj_gh60_lufa/protocol/lufa/LUFA-git/LUFA/Drivers/USB/Core/AVR8/USBController_AVR8.o
                0x0000000000001b14                USB_ResetInterface
 .text.USB_Init
                0x0000000000001b9a       0x22 obj_gh60_lufa/protocol/lufa/LUFA-git/LUFA/Drivers/USB/Core/AVR8/USBController_AVR8.o
                0x0000000000001b9a                USB_Init
 .text.USB_INT_DisableAllInterrupts
                0x0000000000001bbc       0x10 obj_gh60_lufa/protocol/lufa/LUFA-git/LUFA/Drivers/USB/Core/AVR8/USBInterrupt_AVR8.o
                0x0000000000001bbc                USB_INT_DisableAllInterrupts
 .text.USB_INT_ClearAllInterrupts
                0x0000000000001bcc        0xa obj_gh60_lufa/protocol/lufa/LUFA-git/LUFA/Drivers/USB/Core/AVR8/USBInterrupt_AVR8.o
                0x0000000000001bcc                USB_INT_ClearAllInterrupts
 .text.__vector_10
                0x0000000000001bd6      0x1a4 obj_gh60_lufa/protocol/lufa/LUFA-git/LUFA/Drivers/USB/Core/AVR8/USBInterrupt_AVR8.o
                0x0000000000001bd6                __vector_10
 .text.__vector_11
                0x0000000000001d7a       0x88 obj_gh60_lufa/protocol/lufa/LUFA-git/LUFA/Drivers/USB/Core/AVR8/USBInterrupt_AVR8.o
                0x0000000000001d7a                __vector_11
 .text.USB_Device_ProcessControlRequest
                0x0000000000001e02      0x2a2 obj_gh60_lufa/protocol/lufa/LUFA-git/LUFA/Drivers/USB/Core/DeviceStandardReq.o
                0x0000000000001e02                USB_Device_ProcessControlRequest
 .text.host_set_driver
                0x00000000000020a4        0xa obj_gh60_lufa/common/host.o
                0x00000000000020a4                host_set_driver
 .text.host_keyboard_leds
                0x00000000000020ae       0x18 obj_gh60_lufa/common/host.o
                0x00000000000020ae                host_keyboard_leds
 .text.host_keyboard_send
                0x00000000000020c6       0x92 obj_gh60_lufa/common/host.o
                0x00000000000020c6                host_keyboard_send
 .text.host_mouse_send
                0x0000000000002158       0x16 obj_gh60_lufa/common/host.o
                0x0000000000002158                host_mouse_send
 .text.host_system_send
                0x000000000000216e       0x2c obj_gh60_lufa/common/host.o
                0x000000000000216e                host_system_send
 .text.host_consumer_send
                0x000000000000219a       0x2c obj_gh60_lufa/common/host.o
                0x000000000000219a                host_consumer_send
 .text.matrix_setup
                0x00000000000021c6        0x2 obj_gh60_lufa/common/keyboard.o
                0x00000000000021c6                matrix_setup
 .text.keyboard_setup
                0x00000000000021c8        0x4 obj_gh60_lufa/common/keyboard.o
                0x00000000000021c8                keyboard_setup
 .text.keyboard_init
                0x00000000000021cc        0xc obj_gh60_lufa/common/keyboard.o
                0x00000000000021cc                keyboard_init
 .text.keyboard_task
                0x00000000000021d8      0x17a obj_gh60_lufa/common/keyboard.o
                0x00000000000021d8                keyboard_task
 .text.keyboard_set_leds
                0x0000000000002352        0x4 obj_gh60_lufa/common/keyboard.o
                0x0000000000002352                keyboard_set_leds
 .text.action_exec
                0x0000000000002356       0x80 obj_gh60_lufa/common/action.o
                0x0000000000002356                action_exec
 .text.register_code
                0x00000000000023d6      0x1dc obj_gh60_lufa/common/action.o
                0x00000000000023d6                register_code
 .text.unregister_code
                0x00000000000025b2       0xd4 obj_gh60_lufa/common/action.o
                0x00000000000025b2                unregister_code
 .text.register_mods
                0x0000000000002686        0xe obj_gh60_lufa/common/action.o
                0x0000000000002686                register_mods
 .text.unregister_mods
                0x0000000000002694        0xe obj_gh60_lufa/common/action.o
                0x0000000000002694                unregister_mods
 .text.process_action
                0x00000000000026a2      0x610 obj_gh60_lufa/common/action.o
                0x00000000000026a2                process_action
 .text.clear_keyboard_but_mods
                0x0000000000002cb2       0x24 obj_gh60_lufa/common/action.o
                0x0000000000002cb2                clear_keyboard_but_mods
 .text.clear_keyboard
                0x0000000000002cd6        0x8 obj_gh60_lufa/common/action.o
                0x0000000000002cd6                clear_keyboard
 .text.is_tap_key
                0x0000000000002cde       0x4c obj_gh60_lufa/common/action.o
                0x0000000000002cde                is_tap_key
 .text.debug_event
                0x0000000000002d2a       0x1e obj_gh60_lufa/common/action.o
                0x0000000000002d2a                debug_event
 .text.debug_record
                0x0000000000002d48       0x20 obj_gh60_lufa/common/action.o
                0x0000000000002d48                debug_record
 .text.debug_waiting_buffer
                0x0000000000002d68       0x42 obj_gh60_lufa/common/action_tapping.o
 .text.debug_tapping_key
                0x0000000000002daa       0x1c obj_gh60_lufa/common/action_tapping.o
 .text.waiting_buffer_scan_tap
                0x0000000000002dc6       0xb6 obj_gh60_lufa/common/action_tapping.o
 .text.process_tapping
                0x0000000000002e7c      0x38e obj_gh60_lufa/common/action_tapping.o
 .text.action_tapping_process
                0x000000000000320a      0x148 obj_gh60_lufa/common/action_tapping.o
                0x000000000000320a                action_tapping_process
 .text.action_macro_play
                0x0000000000003352      0x13a obj_gh60_lufa/common/action_macro.o
                0x0000000000003352                action_macro_play
 .text.default_layer_state_set
                0x000000000000348c       0x18 obj_gh60_lufa/common/action_layer.o
 .text.layer_state_set
                0x00000000000034a4       0x18 obj_gh60_lufa/common/action_layer.o
 .text.default_layer_debug
                0x00000000000034bc        0x2 obj_gh60_lufa/common/action_layer.o
                0x00000000000034bc                default_layer_debug
 .text.default_layer_set
                0x00000000000034be        0x4 obj_gh60_lufa/common/action_layer.o
                0x00000000000034be                default_layer_set
 .text.default_layer_or
                0x00000000000034c2       0x24 obj_gh60_lufa/common/action_layer.o
                0x00000000000034c2                default_layer_or
 .text.default_layer_and
                0x00000000000034e6       0x24 obj_gh60_lufa/common/action_layer.o
                0x00000000000034e6                default_layer_and
 .text.default_layer_xor
                0x000000000000350a       0x24 obj_gh60_lufa/common/action_layer.o
                0x000000000000350a                default_layer_xor
 .text.layer_clear
                0x000000000000352e        0xa obj_gh60_lufa/common/action_layer.o
                0x000000000000352e                layer_clear
 .text.layer_move
                0x0000000000003538       0x2a obj_gh60_lufa/common/action_layer.o
                0x0000000000003538                layer_move
 .text.layer_on
                0x0000000000003562       0x42 obj_gh60_lufa/common/action_layer.o
                0x0000000000003562                layer_on
 .text.layer_off
                0x00000000000035a4       0x4a obj_gh60_lufa/common/action_layer.o
                0x00000000000035a4                layer_off
 .text.layer_invert
                0x00000000000035ee       0x42 obj_gh60_lufa/common/action_layer.o
                0x00000000000035ee                layer_invert
 .text.layer_or
                0x0000000000003630       0x24 obj_gh60_lufa/common/action_layer.o
                0x0000000000003630                layer_or
 .text.layer_and
                0x0000000000003654       0x24 obj_gh60_lufa/common/action_layer.o
                0x0000000000003654                layer_and
 .text.layer_xor
                0x0000000000003678       0x24 obj_gh60_lufa/common/action_layer.o
                0x0000000000003678                layer_xor
 .text.layer_debug
                0x000000000000369c        0x2 obj_gh60_lufa/common/action_layer.o
                0x000000000000369c                layer_debug
 .text.layer_switch_get_action
                0x000000000000369e       0x82 obj_gh60_lufa/common/action_layer.o
                0x000000000000369e                layer_switch_get_action
 .text.add_key  0x0000000000003720       0xa6 obj_gh60_lufa/common/action_util.o
                0x0000000000003720                add_key
 .text.del_key  0x00000000000037c6       0x8e obj_gh60_lufa/common/action_util.o
                0x00000000000037c6                del_key
 .text.clear_keys
                0x0000000000003854       0x1c obj_gh60_lufa/common/action_util.o
                0x0000000000003854                clear_keys
 .text.get_mods
                0x0000000000003870        0x6 obj_gh60_lufa/common/action_util.o
                0x0000000000003870                get_mods
 .text.add_mods
                0x0000000000003876        0xc obj_gh60_lufa/common/action_util.o
                0x0000000000003876                add_mods
 .text.del_mods
                0x0000000000003882        0xe obj_gh60_lufa/common/action_util.o
                0x0000000000003882                del_mods
 .text.set_mods
                0x0000000000003890        0x6 obj_gh60_lufa/common/action_util.o
                0x0000000000003890                set_mods
 .text.clear_mods
                0x0000000000003896        0x6 obj_gh60_lufa/common/action_util.o
                0x0000000000003896                clear_mods
 .text.add_weak_mods
                0x000000000000389c        0xc obj_gh60_lufa/common/action_util.o
                0x000000000000389c                add_weak_mods
 .text.del_weak_mods
                0x00000000000038a8        0xe obj_gh60_lufa/common/action_util.o
                0x00000000000038a8                del_weak_mods
 .text.clear_weak_mods
                0x00000000000038b6        0x6 obj_gh60_lufa/common/action_util.o
                0x00000000000038b6                clear_weak_mods
 .text.set_oneshot_mods
                0x00000000000038bc        0x6 obj_gh60_lufa/common/action_util.o
                0x00000000000038bc                set_oneshot_mods
 .text.clear_oneshot_mods
                0x00000000000038c2        0x6 obj_gh60_lufa/common/action_util.o
                0x00000000000038c2                clear_oneshot_mods
 .text.has_anykey
                0x00000000000038c8       0x22 obj_gh60_lufa/common/action_util.o
                0x00000000000038c8                has_anykey
 .text.send_keyboard_report
                0x00000000000038ea       0x4c obj_gh60_lufa/common/action_util.o
                0x00000000000038ea                send_keyboard_report
 .text.print_set_sendchar
                0x0000000000003936        0xa obj_gh60_lufa/common/print.o
                0x0000000000003936                print_set_sendchar
 .text.bitrev   0x0000000000003940       0x2c obj_gh60_lufa/common/util.o
                0x0000000000003940                bitrev
 .text.bitrev16
                0x000000000000396c       0x34 obj_gh60_lufa/common/util.o
                0x000000000000396c                bitrev16
 .text.hook_keyboard_loop
                0x00000000000039a0        0x2 obj_gh60_lufa/common/hook.o
                0x00000000000039a0                hook_keyboard_loop
 .text.hook_matrix_change
                0x00000000000039a2       0x1e obj_gh60_lufa/common/hook.o
                0x00000000000039a2                hook_matrix_change
 .text.hook_default_layer_change
                0x00000000000039c0        0x2 obj_gh60_lufa/common/hook.o
                0x00000000000039c0                hook_default_layer_change
 .text.hook_layer_change
                0x00000000000039c2        0x2 obj_gh60_lufa/common/hook.o
                0x00000000000039c2                hook_layer_change
 .text.hook_keyboard_leds_change
                0x00000000000039c4        0x4 obj_gh60_lufa/common/hook.o
                0x00000000000039c4                hook_keyboard_leds_change
 .text.hook_bootmagic
                0x00000000000039c8        0x2 obj_gh60_lufa/common/hook.o
                0x00000000000039c8                hook_bootmagic
 .text.suspend_power_down
                0x00000000000039ca       0x52 obj_gh60_lufa/common/avr/suspend.o
                0x00000000000039ca                suspend_power_down
 .text.matrix_power_up
                0x0000000000003a1c        0x2 obj_gh60_lufa/common/avr/suspend.o
                0x0000000000003a1c                matrix_power_up
 .text.matrix_power_down
                0x0000000000003a1e        0x2 obj_gh60_lufa/common/avr/suspend.o
                0x0000000000003a1e                matrix_power_down
 .text.suspend_wakeup_condition
                0x0000000000003a20       0x28 obj_gh60_lufa/common/avr/suspend.o
                0x0000000000003a20                suspend_wakeup_condition
 .text.suspend_wakeup_init
                0x0000000000003a48        0x4 obj_gh60_lufa/common/avr/suspend.o
                0x0000000000003a48                suspend_wakeup_init
 .text.__vector_12
                0x0000000000003a4c       0x52 obj_gh60_lufa/common/avr/suspend.o
                0x0000000000003a4c                __vector_12
 .text.timer_init
                0x0000000000003a9e       0x12 obj_gh60_lufa/common/avr/timer.o
                0x0000000000003a9e                timer_init
 .text.timer_read
                0x0000000000003ab0       0x18 obj_gh60_lufa/common/avr/timer.o
                0x0000000000003ab0                timer_read
 .text.timer_read32
                0x0000000000003ac8       0x18 obj_gh60_lufa/common/avr/timer.o
                0x0000000000003ac8                timer_read32
 .text.timer_elapsed
                0x0000000000003ae0       0x54 obj_gh60_lufa/common/avr/timer.o
                0x0000000000003ae0                timer_elapsed
 .text.__vector_21
                0x0000000000003b34       0x4a obj_gh60_lufa/common/avr/timer.o
                0x0000000000003b34                __vector_21
 .text.bootloader_jump
                0x0000000000003b7e       0x44 obj_gh60_lufa/common/avr/bootloader.o
                0x0000000000003b7e                bootloader_jump
 .text.keycode_to_action
                0x0000000000003bc2      0x128 obj_gh60_lufa/common/keymap.o
 .text.action_function
                0x0000000000003cea        0x2 obj_gh60_lufa/common/keymap.o
                0x0000000000003cea                action_function
 .text.keymap_key_to_keycode
                0x0000000000003cec       0x1e obj_gh60_lufa/common/keymap.o
                0x0000000000003cec                keymap_key_to_keycode
 .text.keymap_fn_to_action
                0x0000000000003d0a       0x12 obj_gh60_lufa/common/keymap.o
                0x0000000000003d0a                keymap_fn_to_action
 .text.action_for_key
                0x0000000000003d1c       0xe6 obj_gh60_lufa/common/keymap.o
                0x0000000000003d1c                action_for_key
 .text.scan_key
                0x0000000000003e02       0x80 obj_gh60_lufa/common/bootmagic.o
 .text.bootmagic_scan_key
                0x0000000000003e82       0x24 obj_gh60_lufa/common/bootmagic.o
                0x0000000000003e82                bootmagic_scan_key
 .text.bootmagic
                0x0000000000003ea6      0x29c obj_gh60_lufa/common/bootmagic.o
                0x0000000000003ea6                bootmagic
 .text.eeconfig_init
                0x0000000000004142       0x34 obj_gh60_lufa/common/avr/eeconfig.o
                0x0000000000004142                eeconfig_init
 .text.eeconfig_is_enabled
                0x0000000000004176       0x16 obj_gh60_lufa/common/avr/eeconfig.o
                0x0000000000004176                eeconfig_is_enabled
 .text.eeconfig_read_debug
                0x000000000000418c        0x8 obj_gh60_lufa/common/avr/eeconfig.o
                0x000000000000418c                eeconfig_read_debug
 .text.eeconfig_write_debug
                0x0000000000004194        0xa obj_gh60_lufa/common/avr/eeconfig.o
                0x0000000000004194                eeconfig_write_debug
 .text.eeconfig_read_default_layer
                0x000000000000419e        0x8 obj_gh60_lufa/common/avr/eeconfig.o
                0x000000000000419e                eeconfig_read_default_layer
 .text.eeconfig_write_default_layer
                0x00000000000041a6        0xa obj_gh60_lufa/common/avr/eeconfig.o
                0x00000000000041a6                eeconfig_write_default_layer
 .text.eeconfig_read_keymap
                0x00000000000041b0        0x8 obj_gh60_lufa/common/avr/eeconfig.o
                0x00000000000041b0                eeconfig_read_keymap
 .text.eeconfig_write_keymap
                0x00000000000041b8        0xa obj_gh60_lufa/common/avr/eeconfig.o
                0x00000000000041b8                eeconfig_write_keymap
 .text.move_unit
                0x00000000000041c2       0x92 obj_gh60_lufa/common/mousekey.o
 .text.wheel_unit
                0x0000000000004254       0x72 obj_gh60_lufa/common/mousekey.o
 .text.mousekey_on
                0x00000000000042c6       0xd0 obj_gh60_lufa/common/mousekey.o
                0x00000000000042c6                mousekey_on
 .text.mousekey_off
                0x0000000000004396      0x10a obj_gh60_lufa/common/mousekey.o
                0x0000000000004396                mousekey_off
 .text.mousekey_send
                0x00000000000044a0      0x11a obj_gh60_lufa/common/mousekey.o
                0x00000000000044a0                mousekey_send
 .text.mousekey_task
                0x00000000000045ba      0x14a obj_gh60_lufa/common/mousekey.o
                0x00000000000045ba                mousekey_task
 .text.mousekey_clear
                0x0000000000004704       0x18 obj_gh60_lufa/common/mousekey.o
                0x0000000000004704                mousekey_clear
 .text.mousekey_console_help
                0x000000000000471c       0x2e obj_gh60_lufa/common/command.o
 .text.mousekey_param_inc
                0x000000000000474a      0x146 obj_gh60_lufa/common/command.o
 .text.mousekey_param_dec
                0x0000000000004890       0xfc obj_gh60_lufa/common/command.o
 .text.switch_default_layer
                0x000000000000498c       0x40 obj_gh60_lufa/common/command.o
 .text.command_common
                0x00000000000049cc      0x4e6 obj_gh60_lufa/common/command.o
 .text.command_extra
                0x0000000000004eb2        0x4 obj_gh60_lufa/common/command.o
                0x0000000000004eb2                command_extra
 .text.command_console_extra
                0x0000000000004eb6        0x4 obj_gh60_lufa/common/command.o
                0x0000000000004eb6                command_console_extra
 .text.command_proc
                0x0000000000004eba      0x2aa obj_gh60_lufa/common/command.o
                0x0000000000004eba                command_proc
 .text.avr-libc.fplib
                0x0000000000005164        0xe /usr/lib/gcc/avr/4.9.2/../../../avr/lib/avr5/libm.a(fixsfsi.o)
                0x0000000000005164                __fixsfsi
 .text.avr-libc.fplib
                0x0000000000005172       0x5e /usr/lib/gcc/avr/4.9.2/../../../avr/lib/avr5/libm.a(fixunssfsi.o)
                0x0000000000005172                __fixunssfsi
 .text.avr-libc.fplib
                0x00000000000051d0       0x7a /usr/lib/gcc/avr/4.9.2/../../../avr/lib/avr5/libm.a(floatsisf.o)
                0x00000000000051d0                __floatunsisf
                0x00000000000051d4                __floatsisf
 .text.avr-libc.fplib
                0x000000000000524a       0x44 /usr/lib/gcc/avr/4.9.2/../../../avr/lib/avr5/libm.a(fp_split3.o)
                0x000000000000524a                __fp_split3
                0x000000000000525a                __fp_splitA
 .text.avr-libc.fplib
                0x000000000000528e        0xe /usr/lib/gcc/avr/4.9.2/../../../avr/lib/avr5/libm.a(fp_zero.o)
                0x000000000000528e                __fp_zero
                0x0000000000005290                __fp_szero
 .text.avr-libc.fplib
                0x000000000000529c        0x8 /usr/lib/gcc/avr/4.9.2/../../../avr/lib/avr5/libm.a(mulsf3.o)
                0x000000000000529c                __mulsf3
 .text.avr-libc.fplib
                0x00000000000052a4       0xd2 /usr/lib/gcc/avr/4.9.2/../../../avr/lib/avr5/libm.a(mulsf3x.o)
                0x00000000000052c2                __mulsf3x
                0x00000000000052c8                __mulsf3_pse
 .text.avr-libc.fplib
                0x0000000000005376        0xc /usr/lib/gcc/avr/4.9.2/../../../avr/lib/avr5/libm.a(fp_inf.o)
                0x0000000000005376                __fp_inf
 .text.avr-libc.fplib
                0x0000000000005382        0x6 /usr/lib/gcc/avr/4.9.2/../../../avr/lib/avr5/libm.a(fp_nan.o)
                0x0000000000005382                __fp_nan
 .text.avr-libc.fplib
                0x0000000000005388        0xe /usr/lib/gcc/avr/4.9.2/../../../avr/lib/avr5/libm.a(fp_pscA.o)
                0x0000000000005388                __fp_pscA
 .text.avr-libc.fplib
                0x0000000000005396        0xe /usr/lib/gcc/avr/4.9.2/../../../avr/lib/avr5/libm.a(fp_pscB.o)
                0x0000000000005396                __fp_pscB
 .text.avr-libc.fplib
                0x00000000000053a4       0x22 /usr/lib/gcc/avr/4.9.2/../../../avr/lib/avr5/libm.a(fp_round.o)
                0x00000000000053a4                __fp_round
 .text.libgcc.div
                0x00000000000053c6       0x18 /usr/lib/gcc/avr/4.9.2/avr5/libgcc.a(_udivmodqi4.o)
                0x00000000000053c6                __udivmodqi4
 .text.libgcc.div
                0x00000000000053de       0x28 /usr/lib/gcc/avr/4.9.2/avr5/libgcc.a(_divmodhi4.o)
                0x00000000000053de                __divmodhi4
                0x00000000000053de                _div
 .text.libgcc   0x0000000000005406        0xc /usr/lib/gcc/avr/4.9.2/avr5/libgcc.a(_tablejump2.o)
                0x0000000000005406                __tablejump2__
 .text.libgcc.div
                0x0000000000005412       0x28 /usr/lib/gcc/avr/4.9.2/avr5/libgcc.a(_udivmodhi4.o)
                0x0000000000005412                __udivmodhi4
 .text.avr-libc
                0x000000000000543a       0x10 /usr/lib/gcc/avr/4.9.2/../../../avr/lib/avr5/libatmega32u4.a(eerd_byte.o)
                0x000000000000543a                eeprom_read_byte
 .text.avr-libc
                0x000000000000544a        0xc /usr/lib/gcc/avr/4.9.2/../../../avr/lib/avr5/libatmega32u4.a(eerd_word.o)
                0x000000000000544a                eeprom_read_word
 .text.avr-libc
                0x0000000000005456       0x1c /usr/lib/gcc/avr/4.9.2/../../../avr/lib/avr5/libatmega32u4.a(eewr_byte.o)
                0x0000000000005456                eeprom_write_byte
                0x0000000000005458                eeprom_write_r18
 .text.avr-libc
                0x0000000000005472        0xa /usr/lib/gcc/avr/4.9.2/../../../avr/lib/avr5/libatmega32u4.a(eewr_word.o)
                0x0000000000005472                eeprom_write_word
 .text.avr-libc
                0x000000000000547c       0x20 /usr/lib/gcc/avr/4.9.2/../../../avr/lib/avr5/libatmega32u4.a(eerd_block.o)
                0x000000000000547c                eeprom_read_block
                0x0000000000005480                eeprom_read_blraw
                0x000000000000549c                . = ALIGN (0x2)
 *(.fini9)
 .fini9         0x000000000000549c        0x0 /usr/lib/gcc/avr/4.9.2/avr5/libgcc.a(_exit.o)
                0x000000000000549c                exit
                0x000000000000549c                _exit
 *(.fini9)
 *(.fini8)
 *(.fini8)
 *(.fini7)
 *(.fini7)
 *(.fini6)
 *(.fini6)
 *(.fini5)
 *(.fini5)
 *(.fini4)
 *(.fini4)
 *(.fini3)
 *(.fini3)
 *(.fini2)
 *(.fini2)
 *(.fini1)
 *(.fini1)
 *(.fini0)
 .fini0         0x000000000000549c        0x4 /usr/lib/gcc/avr/4.9.2/avr5/libgcc.a(_exit.o)
 *(.fini0)
                0x00000000000054a0                _etext = .

.data           0x0000000000800100       0x38 load address 0x00000000000054a0
                0x0000000000800100                PROVIDE (__data_start, .)
 *(.data)
 *(.data*)
 .data.debouncing
                0x0000000000800100        0x1 obj_gh60_lufa/matrix.o
 .data.lufa_driver
                0x0000000000800101        0xa obj_gh60_lufa/protocol/lufa/lufa.o
                0x0000000000800101                lufa_driver
 .data.keyboard_protocol
                0x000000000080010b        0x1 obj_gh60_lufa/protocol/lufa/lufa.o
                0x000000000080010b                keyboard_protocol
 .data.keyboard_nkro
                0x000000000080010c        0x1 obj_gh60_lufa/common/host.o
                0x000000000080010c                keyboard_nkro
 .data.keyboard_report
                0x000000000080010d        0x2 obj_gh60_lufa/common/action_util.o
                0x000000000080010d                keyboard_report
 .data.mk_wheel_time_to_max
                0x000000000080010f        0x1 obj_gh60_lufa/common/mousekey.o
                0x000000000080010f                mk_wheel_time_to_max
 .data.mk_wheel_max_speed
                0x0000000000800110        0x1 obj_gh60_lufa/common/mousekey.o
                0x0000000000800110                mk_wheel_max_speed
 .data.mk_time_to_max
                0x0000000000800111        0x1 obj_gh60_lufa/common/mousekey.o
                0x0000000000800111                mk_time_to_max
 .data.mk_max_speed
                0x0000000000800112        0x1 obj_gh60_lufa/common/mousekey.o
                0x0000000000800112                mk_max_speed
 .data.mk_interval
                0x0000000000800113        0x1 obj_gh60_lufa/common/mousekey.o
                0x0000000000800113                mk_interval
 .data.mk_delay
                0x0000000000800114        0x1 obj_gh60_lufa/common/mousekey.o
                0x0000000000800114                mk_delay
 *(.rodata)
 *(.rodata*)
 .rodata.CSWTCH.3
                0x0000000000800115        0x5 obj_gh60_lufa/protocol/lufa/descriptor.o
 .rodata.CSWTCH.2
                0x000000000080011a        0xa obj_gh60_lufa/protocol/lufa/descriptor.o
 .rodata.CSWTCH.1
                0x0000000000800124        0xa obj_gh60_lufa/protocol/lufa/descriptor.o
 .rodata.CSWTCH.43
                0x000000000080012e        0xa obj_gh60_lufa/common/command.o
 *(.gnu.linkonce.d*)
                0x0000000000800138                . = ALIGN (0x2)
                0x0000000000800138                _edata = .
                0x0000000000800138                PROVIDE (__data_end, .)

.bss            0x0000000000800138       0xbf
                0x0000000000800138                PROVIDE (__bss_start, .)
 *(.bss)
 .bss           0x0000000000800138        0x2 obj_gh60_lufa/common/avr/xprintf.o
                0x0000000000800138                xfunc_out
 *(.bss*)
 .bss.matrix_debouncing
                0x000000000080013a        0x5 obj_gh60_lufa/matrix.o
 .bss.matrix    0x000000000080013f        0x5 obj_gh60_lufa/matrix.o
 .bss.timeouted.4803
                0x0000000000800144        0x1 obj_gh60_lufa/protocol/lufa/lufa.o
 .bss.count.4733
                0x0000000000800145        0x1 obj_gh60_lufa/protocol/lufa/lufa.o
 .bss.console_flush
                0x0000000000800146        0x1 obj_gh60_lufa/protocol/lufa/lufa.o
 .bss.keyboard_report_sent
                0x0000000000800147       0x20 obj_gh60_lufa/protocol/lufa/lufa.o
 .bss.keyboard_led_stats
                0x0000000000800167        0x1 obj_gh60_lufa/protocol/lufa/lufa.o
 .bss.keyboard_idle
                0x0000000000800168        0x1 obj_gh60_lufa/protocol/lufa/lufa.o
                0x0000000000800168                keyboard_idle
 .bss.last_consumer_report
                0x0000000000800169        0x2 obj_gh60_lufa/common/host.o
 .bss.last_system_report
                0x000000000080016b        0x2 obj_gh60_lufa/common/host.o
 .bss.driver    0x000000000080016d        0x2 obj_gh60_lufa/common/host.o
 .bss.led_status.4785
                0x000000000080016f        0x1 obj_gh60_lufa/common/keyboard.o
 .bss.matrix_prev.4784
                0x0000000000800170        0x5 obj_gh60_lufa/common/keyboard.o
 .bss.waiting_buffer_tail
                0x0000000000800175        0x1 obj_gh60_lufa/common/action_tapping.o
 .bss.waiting_buffer_head
                0x0000000000800176        0x1 obj_gh60_lufa/common/action_tapping.o
 .bss.waiting_buffer
                0x0000000000800177       0x30 obj_gh60_lufa/common/action_tapping.o
 .bss.tapping_key
                0x00000000008001a7        0x6 obj_gh60_lufa/common/action_tapping.o
 .bss.layer_state
                0x00000000008001ad        0x4 obj_gh60_lufa/common/action_layer.o
                0x00000000008001ad                layer_state
 .bss.default_layer_state
                0x00000000008001b1        0x4 obj_gh60_lufa/common/action_layer.o
                0x00000000008001b1                default_layer_state
 .bss.oneshot_mods
                0x00000000008001b5        0x1 obj_gh60_lufa/common/action_util.o
 .bss.__compound_literal.0
                0x00000000008001b6       0x20 obj_gh60_lufa/common/action_util.o
 .bss.weak_mods
                0x00000000008001d6        0x1 obj_gh60_lufa/common/action_util.o
 .bss.real_mods
                0x00000000008001d7        0x1 obj_gh60_lufa/common/action_util.o
 .bss.debug_config
                0x00000000008001d8        0x1 obj_gh60_lufa/common/debug.o
                0x00000000008001d8                debug_config
 .bss.wdt_timeout
                0x00000000008001d9        0x1 obj_gh60_lufa/common/avr/suspend.o
 .bss.timer_count
                0x00000000008001da        0x4 obj_gh60_lufa/common/avr/timer.o
                0x00000000008001da                timer_count
 .bss.last_timer
                0x00000000008001de        0x2 obj_gh60_lufa/common/mousekey.o
 .bss.mousekey_accel
                0x00000000008001e0        0x1 obj_gh60_lufa/common/mousekey.o
 .bss.mousekey_repeat
                0x00000000008001e1        0x1 obj_gh60_lufa/common/mousekey.o
 .bss.mouse_report
                0x00000000008001e2        0x5 obj_gh60_lufa/common/mousekey.o
 .bss.mousekey_param
                0x00000000008001e7        0x1 obj_gh60_lufa/common/command.o
 .bss.command_state
                0x00000000008001e8        0x1 obj_gh60_lufa/common/command.o
                0x00000000008001e8                command_state
 *(COMMON)
 COMMON         0x00000000008001e9        0x3 obj_gh60_lufa/protocol/lufa/LUFA-git/LUFA/Drivers/USB/Core/DeviceStandardReq.o
                0x00000000008001e9                USB_Device_ConfigurationNumber
                0x00000000008001ea                USB_Device_CurrentlySelfPowered
                0x00000000008001eb                USB_Device_RemoteWakeupEnabled
 COMMON         0x00000000008001ec        0xa obj_gh60_lufa/protocol/lufa/LUFA-git/LUFA/Drivers/USB/Core/USBTask.o
                0x00000000008001ec                USB_IsInitialized
                0x00000000008001ed                USB_DeviceState
                0x00000000008001ee                USB_ControlRequest
 COMMON         0x00000000008001f6        0x1 obj_gh60_lufa/common/bootmagic.o
                0x00000000008001f6                keymap_config
                0x00000000008001f7                PROVIDE (__bss_end, .)
                0x00000000000054a0                __data_load_start = LOADADDR (.data)
                0x00000000000054d8                __data_load_end = (__data_load_start + SIZEOF (.data))

.noinit         0x00000000008001f7        0x4
                0x00000000008001f7                PROVIDE (__noinit_start, .)
 *(.noinit*)
 .noinit        0x00000000008001f7        0x4 obj_gh60_lufa/common/avr/bootloader.o
                0x00000000008001f7                reset_key
                0x00000000008001fb                PROVIDE (__noinit_end, .)
                0x00000000008001fb                _end = .
                0x00000000008001fb                PROVIDE (__heap_start, .)

.eeprom         0x0000000000810000        0x0
 *(.eeprom*)
                0x0000000000810000                __eeprom_end = .

.fuse
 *(.fuse)
 *(.lfuse)
 *(.hfuse)
 *(.efuse)

.lock
 *(.lock*)

.signature
 *(.signature*)

.user_signatures
 *(.user_signatures*)

.stab           0x0000000000000000      0x8b8
 *(.stab)
 .stab          0x0000000000000000      0x8b8 obj_gh60_lufa/common/avr/xprintf.o

.stabstr        0x0000000000000000       0x73
 *(.stabstr)
 .stabstr       0x0000000000000000       0x73 obj_gh60_lufa/common/avr/xprintf.o

.stab.excl
 *(.stab.excl)

.stab.exclstr
 *(.stab.exclstr)

.stab.index
 *(.stab.index)

.stab.indexstr
 *(.stab.indexstr)

.comment        0x0000000000000000       0x11
 *(.comment)
 .comment       0x0000000000000000       0x11 obj_gh60_lufa/keymap_plain.o
                                         0x12 (size before relaxing)
 .comment       0x0000000000000011       0x12 obj_gh60_lufa/matrix.o
 .comment       0x0000000000000011       0x12 obj_gh60_lufa/led.o
 .comment       0x0000000000000011       0x12 obj_gh60_lufa/protocol/lufa/lufa.o
 .comment       0x0000000000000011       0x12 obj_gh60_lufa/protocol/lufa/descriptor.o
 .comment       0x0000000000000011       0x12 obj_gh60_lufa/protocol/lufa/LUFA-git/LUFA/Drivers/USB/Core/AVR8/Device_AVR8.o
 .comment       0x0000000000000011       0x12 obj_gh60_lufa/protocol/lufa/LUFA-git/LUFA/Drivers/USB/Core/AVR8/EndpointStream_AVR8.o
 .comment       0x0000000000000011       0x12 obj_gh60_lufa/protocol/lufa/LUFA-git/LUFA/Drivers/USB/Core/AVR8/Endpoint_AVR8.o
 .comment       0x0000000000000011       0x12 obj_gh60_lufa/protocol/lufa/LUFA-git/LUFA/Drivers/USB/Core/AVR8/USBController_AVR8.o
 .comment       0x0000000000000011       0x12 obj_gh60_lufa/protocol/lufa/LUFA-git/LUFA/Drivers/USB/Core/AVR8/USBInterrupt_AVR8.o
 .comment       0x0000000000000011       0x12 obj_gh60_lufa/protocol/lufa/LUFA-git/LUFA/Drivers/USB/Core/DeviceStandardReq.o
 .comment       0x0000000000000011       0x12 obj_gh60_lufa/protocol/lufa/LUFA-git/LUFA/Drivers/USB/Core/USBTask.o
 .comment       0x0000000000000011       0x12 obj_gh60_lufa/common/host.o
 .comment       0x0000000000000011       0x12 obj_gh60_lufa/common/keyboard.o
 .comment       0x0000000000000011       0x12 obj_gh60_lufa/common/action.o
 .comment       0x0000000000000011       0x12 obj_gh60_lufa/common/action_tapping.o
 .comment       0x0000000000000011       0x12 obj_gh60_lufa/common/action_macro.o
 .comment       0x0000000000000011       0x12 obj_gh60_lufa/common/action_layer.o
 .comment       0x0000000000000011       0x12 obj_gh60_lufa/common/action_util.o
 .comment       0x0000000000000011       0x12 obj_gh60_lufa/common/print.o
 .comment       0x0000000000000011       0x12 obj_gh60_lufa/common/debug.o
 .comment       0x0000000000000011       0x12 obj_gh60_lufa/common/util.o
 .comment       0x0000000000000011       0x12 obj_gh60_lufa/common/hook.o
 .comment       0x0000000000000011       0x12 obj_gh60_lufa/common/avr/suspend.o
 .comment       0x0000000000000011       0x12 obj_gh60_lufa/common/avr/timer.o
 .comment       0x0000000000000011       0x12 obj_gh60_lufa/common/avr/bootloader.o
 .comment       0x0000000000000011       0x12 obj_gh60_lufa/common/keymap.o
 .comment       0x0000000000000011       0x12 obj_gh60_lufa/common/bootmagic.o
 .comment       0x0000000000000011       0x12 obj_gh60_lufa/common/avr/eeconfig.o
 .comment       0x0000000000000011       0x12 obj_gh60_lufa/common/mousekey.o
 .comment       0x0000000000000011       0x12 obj_gh60_lufa/common/command.o

.note.gnu.avr.deviceinfo
                0x0000000000000000       0x40
 .note.gnu.avr.deviceinfo
                0x0000000000000000       0x40 /usr/lib/gcc/avr/4.9.2/../../../avr/lib/avr5/crtatmega32u4.o

.note.gnu.build-id
 *(.note.gnu.build-id)

.debug
 *(.debug)

.line
 *(.line)

.debug_srcinfo
 *(.debug_srcinfo)

.debug_sfnames
 *(.debug_sfnames)

.debug_aranges  0x0000000000000000      0x948
 *(.debug_aranges)
 .debug_aranges
                0x0000000000000000       0x20 obj_gh60_lufa/keymap_plain.o
 .debug_aranges
                0x0000000000000020       0x68 obj_gh60_lufa/matrix.o
 .debug_aranges
                0x0000000000000088       0x20 obj_gh60_lufa/led.o
 .debug_aranges
                0x00000000000000a8       0xb8 obj_gh60_lufa/protocol/lufa/lufa.o
 .debug_aranges
                0x0000000000000160       0x20 obj_gh60_lufa/protocol/lufa/descriptor.o
 .debug_aranges
                0x0000000000000180       0x20 obj_gh60_lufa/protocol/lufa/LUFA-git/LUFA/Drivers/USB/Core/AVR8/Device_AVR8.o
 .debug_aranges
                0x00000000000001a0       0xc8 obj_gh60_lufa/protocol/lufa/LUFA-git/LUFA/Drivers/USB/Core/AVR8/EndpointStream_AVR8.o
 .debug_aranges
                0x0000000000000268       0x40 obj_gh60_lufa/protocol/lufa/LUFA-git/LUFA/Drivers/USB/Core/AVR8/Endpoint_AVR8.o
 .debug_aranges
                0x00000000000002a8       0x30 obj_gh60_lufa/protocol/lufa/LUFA-git/LUFA/Drivers/USB/Core/AVR8/USBController_AVR8.o
 .debug_aranges
                0x00000000000002d8       0x38 obj_gh60_lufa/protocol/lufa/LUFA-git/LUFA/Drivers/USB/Core/AVR8/USBInterrupt_AVR8.o
 .debug_aranges
                0x0000000000000310       0x20 obj_gh60_lufa/protocol/lufa/LUFA-git/LUFA/Drivers/USB/Core/DeviceStandardReq.o
 .debug_aranges
                0x0000000000000330       0x20 obj_gh60_lufa/protocol/lufa/LUFA-git/LUFA/Drivers/USB/Core/USBTask.o
 .debug_aranges
                0x0000000000000350       0x60 obj_gh60_lufa/common/host.o
 .debug_aranges
                0x00000000000003b0       0x40 obj_gh60_lufa/common/keyboard.o
 .debug_aranges
                0x00000000000003f0       0x78 obj_gh60_lufa/common/action.o
 .debug_aranges
                0x0000000000000468       0x40 obj_gh60_lufa/common/action_tapping.o
 .debug_aranges
                0x00000000000004a8       0x20 obj_gh60_lufa/common/action_macro.o
 .debug_aranges
                0x00000000000004c8       0xa0 obj_gh60_lufa/common/action_layer.o
 .debug_aranges
                0x0000000000000568       0xb0 obj_gh60_lufa/common/action_util.o
 .debug_aranges
                0x0000000000000618       0x20 obj_gh60_lufa/common/print.o
 .debug_aranges
                0x0000000000000638       0x18 obj_gh60_lufa/common/debug.o
 .debug_aranges
                0x0000000000000650       0x60 obj_gh60_lufa/common/util.o
 .debug_aranges
                0x00000000000006b0       0x48 obj_gh60_lufa/common/hook.o
 .debug_aranges
                0x00000000000006f8       0x50 obj_gh60_lufa/common/avr/suspend.o
 .debug_aranges
                0x0000000000000748       0x50 obj_gh60_lufa/common/avr/timer.o
 .debug_aranges
                0x0000000000000798       0x28 obj_gh60_lufa/common/avr/bootloader.o
 .debug_aranges
                0x00000000000007c0       0x48 obj_gh60_lufa/common/keymap.o
 .debug_aranges
                0x0000000000000808       0x30 obj_gh60_lufa/common/bootmagic.o
 .debug_aranges
                0x0000000000000838       0x68 obj_gh60_lufa/common/avr/eeconfig.o
 .debug_aranges
                0x00000000000008a0       0x50 obj_gh60_lufa/common/mousekey.o
 .debug_aranges
                0x00000000000008f0       0x58 obj_gh60_lufa/common/command.o

.debug_pubnames
 *(.debug_pubnames)

.debug_info     0x0000000000000000     0xfbc1
 *(.debug_info .gnu.linkonce.wi.*)
 .debug_info    0x0000000000000000      0xc79 obj_gh60_lufa/keymap_plain.o
 .debug_info    0x0000000000000c79      0x570 obj_gh60_lufa/matrix.o
 .debug_info    0x00000000000011e9       0x91 obj_gh60_lufa/led.o
 .debug_info    0x000000000000127a     0x162f obj_gh60_lufa/protocol/lufa/lufa.o
 .debug_info    0x00000000000028a9      0x818 obj_gh60_lufa/protocol/lufa/descriptor.o
 .debug_info    0x00000000000030c1       0xd2 obj_gh60_lufa/protocol/lufa/LUFA-git/LUFA/Drivers/USB/Core/AVR8/Device_AVR8.o
 .debug_info    0x0000000000003193     0x17d6 obj_gh60_lufa/protocol/lufa/LUFA-git/LUFA/Drivers/USB/Core/AVR8/EndpointStream_AVR8.o
 .debug_info    0x0000000000004969      0x614 obj_gh60_lufa/protocol/lufa/LUFA-git/LUFA/Drivers/USB/Core/AVR8/Endpoint_AVR8.o
 .debug_info    0x0000000000004f7d      0x4cb obj_gh60_lufa/protocol/lufa/LUFA-git/LUFA/Drivers/USB/Core/AVR8/USBController_AVR8.o
 .debug_info    0x0000000000005448      0x7c8 obj_gh60_lufa/protocol/lufa/LUFA-git/LUFA/Drivers/USB/Core/AVR8/USBInterrupt_AVR8.o
 .debug_info    0x0000000000005c10      0xa57 obj_gh60_lufa/protocol/lufa/LUFA-git/LUFA/Drivers/USB/Core/DeviceStandardReq.o
 .debug_info    0x0000000000006667      0x26b obj_gh60_lufa/protocol/lufa/LUFA-git/LUFA/Drivers/USB/Core/USBTask.o
 .debug_info    0x00000000000068d2      0x546 obj_gh60_lufa/common/host.o
 .debug_info    0x0000000000006e18      0x487 obj_gh60_lufa/common/keyboard.o
 .debug_info    0x000000000000729f     0x17d6 obj_gh60_lufa/common/action.o
 .debug_info    0x0000000000008a75      0xe03 obj_gh60_lufa/common/action_tapping.o
 .debug_info    0x0000000000009878      0x8a4 obj_gh60_lufa/common/action_macro.o
 .debug_info    0x000000000000a11c      0x7d3 obj_gh60_lufa/common/action_layer.o
 .debug_info    0x000000000000a8ef      0x715 obj_gh60_lufa/common/action_util.o
 .debug_info    0x000000000000b004       0xda obj_gh60_lufa/common/print.o
 .debug_info    0x000000000000b0de       0xfc obj_gh60_lufa/common/debug.o
 .debug_info    0x000000000000b1da      0x29b obj_gh60_lufa/common/util.o
 .debug_info    0x000000000000b475      0x1ff obj_gh60_lufa/common/hook.o
 .debug_info    0x000000000000b674      0x2b5 obj_gh60_lufa/common/avr/suspend.o
 .debug_info    0x000000000000b929      0x204 obj_gh60_lufa/common/avr/timer.o
 .debug_info    0x000000000000bb2d      0x204 obj_gh60_lufa/common/avr/bootloader.o
 .debug_info    0x000000000000bd31      0xefa obj_gh60_lufa/common/keymap.o
 .debug_info    0x000000000000cc2b      0xf80 obj_gh60_lufa/common/bootmagic.o
 .debug_info    0x000000000000dbab      0x3cb obj_gh60_lufa/common/avr/eeconfig.o
 .debug_info    0x000000000000df76      0x7c6 obj_gh60_lufa/common/mousekey.o
 .debug_info    0x000000000000e73c     0x1485 obj_gh60_lufa/common/command.o

.debug_abbrev   0x0000000000000000     0x3b61
 *(.debug_abbrev)
 .debug_abbrev  0x0000000000000000      0x179 obj_gh60_lufa/keymap_plain.o
 .debug_abbrev  0x0000000000000179      0x300 obj_gh60_lufa/matrix.o
 .debug_abbrev  0x0000000000000479       0x60 obj_gh60_lufa/led.o
 .debug_abbrev  0x00000000000004d9      0x4bf obj_gh60_lufa/protocol/lufa/lufa.o
 .debug_abbrev  0x0000000000000998      0x177 obj_gh60_lufa/protocol/lufa/descriptor.o
 .debug_abbrev  0x0000000000000b0f       0x80 obj_gh60_lufa/protocol/lufa/LUFA-git/LUFA/Drivers/USB/Core/AVR8/Device_AVR8.o
 .debug_abbrev  0x0000000000000b8f      0x204 obj_gh60_lufa/protocol/lufa/LUFA-git/LUFA/Drivers/USB/Core/AVR8/EndpointStream_AVR8.o
 .debug_abbrev  0x0000000000000d93      0x213 obj_gh60_lufa/protocol/lufa/LUFA-git/LUFA/Drivers/USB/Core/AVR8/Endpoint_AVR8.o
 .debug_abbrev  0x0000000000000fa6      0x196 obj_gh60_lufa/protocol/lufa/LUFA-git/LUFA/Drivers/USB/Core/AVR8/USBController_AVR8.o
 .debug_abbrev  0x000000000000113c      0x23e obj_gh60_lufa/protocol/lufa/LUFA-git/LUFA/Drivers/USB/Core/AVR8/USBInterrupt_AVR8.o
 .debug_abbrev  0x000000000000137a      0x2c9 obj_gh60_lufa/protocol/lufa/LUFA-git/LUFA/Drivers/USB/Core/DeviceStandardReq.o
 .debug_abbrev  0x0000000000001643      0x168 obj_gh60_lufa/protocol/lufa/LUFA-git/LUFA/Drivers/USB/Core/USBTask.o
 .debug_abbrev  0x00000000000017ab      0x229 obj_gh60_lufa/common/host.o
 .debug_abbrev  0x00000000000019d4      0x23e obj_gh60_lufa/common/keyboard.o
 .debug_abbrev  0x0000000000001c12      0x31c obj_gh60_lufa/common/action.o
 .debug_abbrev  0x0000000000001f2e      0x2d7 obj_gh60_lufa/common/action_tapping.o
 .debug_abbrev  0x0000000000002205      0x1a5 obj_gh60_lufa/common/action_macro.o
 .debug_abbrev  0x00000000000023aa      0x20b obj_gh60_lufa/common/action_layer.o
 .debug_abbrev  0x00000000000025b5      0x31c obj_gh60_lufa/common/action_util.o
 .debug_abbrev  0x00000000000028d1       0x97 obj_gh60_lufa/common/print.o
 .debug_abbrev  0x0000000000002968       0x87 obj_gh60_lufa/common/debug.o
 .debug_abbrev  0x00000000000029ef       0xcb obj_gh60_lufa/common/util.o
 .debug_abbrev  0x0000000000002aba      0x100 obj_gh60_lufa/common/hook.o
 .debug_abbrev  0x0000000000002bba      0x1e0 obj_gh60_lufa/common/avr/suspend.o
 .debug_abbrev  0x0000000000002d9a      0x11e obj_gh60_lufa/common/avr/timer.o
 .debug_abbrev  0x0000000000002eb8      0x15c obj_gh60_lufa/common/avr/bootloader.o
 .debug_abbrev  0x0000000000003014      0x278 obj_gh60_lufa/common/keymap.o
 .debug_abbrev  0x000000000000328c      0x2ac obj_gh60_lufa/common/bootmagic.o
 .debug_abbrev  0x0000000000003538       0xef obj_gh60_lufa/common/avr/eeconfig.o
 .debug_abbrev  0x0000000000003627      0x204 obj_gh60_lufa/common/mousekey.o
 .debug_abbrev  0x000000000000382b      0x336 obj_gh60_lufa/common/command.o

.debug_line     0x0000000000000000     0x4f80
 *(.debug_line .debug_line.* .debug_line_end)
 .debug_line    0x0000000000000000      0x118 obj_gh60_lufa/keymap_plain.o
 .debug_line    0x0000000000000118      0x221 obj_gh60_lufa/matrix.o
 .debug_line    0x0000000000000339       0x57 obj_gh60_lufa/led.o
 .debug_line    0x0000000000000390      0x7a4 obj_gh60_lufa/protocol/lufa/lufa.o
 .debug_line    0x0000000000000b34      0x1cc obj_gh60_lufa/protocol/lufa/descriptor.o
 .debug_line    0x0000000000000d00      0x128 obj_gh60_lufa/protocol/lufa/LUFA-git/LUFA/Drivers/USB/Core/AVR8/Device_AVR8.o
 .debug_line    0x0000000000000e28      0xb7f obj_gh60_lufa/protocol/lufa/LUFA-git/LUFA/Drivers/USB/Core/AVR8/EndpointStream_AVR8.o
 .debug_line    0x00000000000019a7      0x3eb obj_gh60_lufa/protocol/lufa/LUFA-git/LUFA/Drivers/USB/Core/AVR8/Endpoint_AVR8.o
 .debug_line    0x0000000000001d92      0x2f2 obj_gh60_lufa/protocol/lufa/LUFA-git/LUFA/Drivers/USB/Core/AVR8/USBController_AVR8.o
 .debug_line    0x0000000000002084      0x4ca obj_gh60_lufa/protocol/lufa/LUFA-git/LUFA/Drivers/USB/Core/AVR8/USBInterrupt_AVR8.o
 .debug_line    0x000000000000254e      0x379 obj_gh60_lufa/protocol/lufa/LUFA-git/LUFA/Drivers/USB/Core/DeviceStandardReq.o
 .debug_line    0x00000000000028c7      0x193 obj_gh60_lufa/protocol/lufa/LUFA-git/LUFA/Drivers/USB/Core/USBTask.o
 .debug_line    0x0000000000002a5a      0x1c5 obj_gh60_lufa/common/host.o
 .debug_line    0x0000000000002c1f      0x1de obj_gh60_lufa/common/keyboard.o
 .debug_line    0x0000000000002dfd      0x4ea obj_gh60_lufa/common/action.o
 .debug_line    0x00000000000032e7      0x290 obj_gh60_lufa/common/action_tapping.o
 .debug_line    0x0000000000003577      0x165 obj_gh60_lufa/common/action_macro.o
 .debug_line    0x00000000000036dc      0x1d2 obj_gh60_lufa/common/action_layer.o
 .debug_line    0x00000000000038ae      0x2a7 obj_gh60_lufa/common/action_util.o
 .debug_line    0x0000000000003b55       0x93 obj_gh60_lufa/common/print.o
 .debug_line    0x0000000000003be8       0x67 obj_gh60_lufa/common/debug.o
 .debug_line    0x0000000000003c4f      0x179 obj_gh60_lufa/common/util.o
 .debug_line    0x0000000000003dc8       0xc6 obj_gh60_lufa/common/hook.o
 .debug_line    0x0000000000003e8e      0x1ed obj_gh60_lufa/common/avr/suspend.o
 .debug_line    0x000000000000407b      0x10b obj_gh60_lufa/common/avr/timer.o
 .debug_line    0x0000000000004186      0x1a3 obj_gh60_lufa/common/avr/bootloader.o
 .debug_line    0x0000000000004329      0x253 obj_gh60_lufa/common/keymap.o
 .debug_line    0x000000000000457c      0x26c obj_gh60_lufa/common/bootmagic.o
 .debug_line    0x00000000000047e8      0x12b obj_gh60_lufa/common/avr/eeconfig.o
 .debug_line    0x0000000000004913      0x333 obj_gh60_lufa/common/mousekey.o
 .debug_line    0x0000000000004c46      0x33a obj_gh60_lufa/common/command.o

.debug_frame    0x0000000000000000     0x19f4
 *(.debug_frame)
 .debug_frame   0x0000000000000000       0x24 obj_gh60_lufa/keymap_plain.o
 .debug_frame   0x0000000000000024      0x154 obj_gh60_lufa/matrix.o
 .debug_frame   0x0000000000000178       0x24 obj_gh60_lufa/led.o
 .debug_frame   0x000000000000019c      0x188 obj_gh60_lufa/protocol/lufa/lufa.o
 .debug_frame   0x0000000000000324       0x24 obj_gh60_lufa/protocol/lufa/descriptor.o
 .debug_frame   0x0000000000000348       0x24 obj_gh60_lufa/protocol/lufa/LUFA-git/LUFA/Drivers/USB/Core/AVR8/Device_AVR8.o
 .debug_frame   0x000000000000036c      0x42c obj_gh60_lufa/protocol/lufa/LUFA-git/LUFA/Drivers/USB/Core/AVR8/EndpointStream_AVR8.o
 .debug_frame   0x0000000000000798       0x88 obj_gh60_lufa/protocol/lufa/LUFA-git/LUFA/Drivers/USB/Core/AVR8/Endpoint_AVR8.o
 .debug_frame   0x0000000000000820       0x5c obj_gh60_lufa/protocol/lufa/LUFA-git/LUFA/Drivers/USB/Core/AVR8/USBController_AVR8.o
 .debug_frame   0x000000000000087c      0x108 obj_gh60_lufa/protocol/lufa/LUFA-git/LUFA/Drivers/USB/Core/AVR8/USBInterrupt_AVR8.o
 .debug_frame   0x0000000000000984       0x3c obj_gh60_lufa/protocol/lufa/LUFA-git/LUFA/Drivers/USB/Core/DeviceStandardReq.o
 .debug_frame   0x00000000000009c0       0x2c obj_gh60_lufa/protocol/lufa/LUFA-git/LUFA/Drivers/USB/Core/USBTask.o
 .debug_frame   0x00000000000009ec       0xd8 obj_gh60_lufa/common/host.o
 .debug_frame   0x0000000000000ac4       0x9c obj_gh60_lufa/common/keyboard.o
 .debug_frame   0x0000000000000b60      0x150 obj_gh60_lufa/common/action.o
 .debug_frame   0x0000000000000cb0       0xc8 obj_gh60_lufa/common/action_tapping.o
 .debug_frame   0x0000000000000d78       0x50 obj_gh60_lufa/common/action_macro.o
 .debug_frame   0x0000000000000dc8      0x1cc obj_gh60_lufa/common/action_layer.o
 .debug_frame   0x0000000000000f94      0x170 obj_gh60_lufa/common/action_util.o
 .debug_frame   0x0000000000001104       0x24 obj_gh60_lufa/common/print.o
 .debug_frame   0x0000000000001128      0x11c obj_gh60_lufa/common/util.o
 .debug_frame   0x0000000000001244       0x88 obj_gh60_lufa/common/hook.o
 .debug_frame   0x00000000000012cc       0xb0 obj_gh60_lufa/common/avr/suspend.o
 .debug_frame   0x000000000000137c       0xf0 obj_gh60_lufa/common/avr/timer.o
 .debug_frame   0x000000000000146c       0x34 obj_gh60_lufa/common/avr/bootloader.o
 .debug_frame   0x00000000000014a0       0x74 obj_gh60_lufa/common/keymap.o
 .debug_frame   0x0000000000001514       0x84 obj_gh60_lufa/common/bootmagic.o
 .debug_frame   0x0000000000001598       0xb4 obj_gh60_lufa/common/avr/eeconfig.o
 .debug_frame   0x000000000000164c       0xf0 obj_gh60_lufa/common/mousekey.o
 .debug_frame   0x000000000000173c      0x2b8 obj_gh60_lufa/common/command.o

.debug_str      0x0000000000000000     0x3eaa
 *(.debug_str)
 .debug_str     0x0000000000000000      0xd2d obj_gh60_lufa/keymap_plain.o
                                        0xdc1 (size before relaxing)
 .debug_str     0x0000000000000d2d      0x171 obj_gh60_lufa/matrix.o
                                        0x333 (size before relaxing)
 .debug_str     0x0000000000000e9e       0x16 obj_gh60_lufa/led.o
                                        0x18f (size before relaxing)
 .debug_str     0x0000000000000eb4      0x85f obj_gh60_lufa/protocol/lufa/lufa.o
                                        0xadf (size before relaxing)
 .debug_str     0x0000000000001713      0x7d7 obj_gh60_lufa/protocol/lufa/descriptor.o
                                        0x9d2 (size before relaxing)
 .debug_str     0x0000000000001eea       0x7b obj_gh60_lufa/protocol/lufa/LUFA-git/LUFA/Drivers/USB/Core/AVR8/Device_AVR8.o
                                        0x21f (size before relaxing)
 .debug_str     0x0000000000001f65      0x4fd obj_gh60_lufa/protocol/lufa/LUFA-git/LUFA/Drivers/USB/Core/AVR8/EndpointStream_AVR8.o
                                        0x881 (size before relaxing)
 .debug_str     0x0000000000002462      0x22a obj_gh60_lufa/protocol/lufa/LUFA-git/LUFA/Drivers/USB/Core/AVR8/Endpoint_AVR8.o
                                        0x641 (size before relaxing)
 .debug_str     0x000000000000268c      0x1dd obj_gh60_lufa/protocol/lufa/LUFA-git/LUFA/Drivers/USB/Core/AVR8/USBController_AVR8.o
                                        0x580 (size before relaxing)
 .debug_str     0x0000000000002869      0x129 obj_gh60_lufa/protocol/lufa/LUFA-git/LUFA/Drivers/USB/Core/AVR8/USBInterrupt_AVR8.o
                                        0x5ff (size before relaxing)
 .debug_str     0x0000000000002992      0x417 obj_gh60_lufa/protocol/lufa/LUFA-git/LUFA/Drivers/USB/Core/DeviceStandardReq.o
                                        0x9f3 (size before relaxing)
 .debug_str     0x0000000000002da9       0x6e obj_gh60_lufa/protocol/lufa/LUFA-git/LUFA/Drivers/USB/Core/USBTask.o
                                        0x3a6 (size before relaxing)
 .debug_str     0x0000000000002e17       0xcd obj_gh60_lufa/common/host.o
                                        0x399 (size before relaxing)
 .debug_str     0x0000000000002ee4       0xe2 obj_gh60_lufa/common/keyboard.o
                                        0x399 (size before relaxing)
 .debug_str     0x0000000000002fc6      0x307 obj_gh60_lufa/common/action.o
                                       0x1153 (size before relaxing)
 .debug_str     0x00000000000032cd       0xec obj_gh60_lufa/common/action_tapping.o
                                        0xaf1 (size before relaxing)
 .debug_str     0x00000000000033b9       0x42 obj_gh60_lufa/common/action_macro.o
                                        0x8dc (size before relaxing)
 .debug_str     0x00000000000033fb       0xa5 obj_gh60_lufa/common/action_layer.o
                                        0x431 (size before relaxing)
 .debug_str     0x00000000000034a0       0xef obj_gh60_lufa/common/action_util.o
                                        0x413 (size before relaxing)
 .debug_str     0x000000000000358f       0x36 obj_gh60_lufa/common/print.o
                                        0x1c9 (size before relaxing)
 .debug_str     0x00000000000035c5       0x1e obj_gh60_lufa/common/debug.o
                                        0x1df (size before relaxing)
 .debug_str     0x00000000000035e3       0x4f obj_gh60_lufa/common/util.o
                                        0x1f5 (size before relaxing)
 .debug_str     0x0000000000003632       0x2c obj_gh60_lufa/common/hook.o
                                        0x28d (size before relaxing)
 .debug_str     0x000000000000365e       0x7c obj_gh60_lufa/common/avr/suspend.o
                                        0x363 (size before relaxing)
 .debug_str     0x00000000000036da       0x6a obj_gh60_lufa/common/avr/timer.o
                                        0x21c (size before relaxing)
 .debug_str     0x0000000000003744       0x77 obj_gh60_lufa/common/avr/bootloader.o
                                        0x289 (size before relaxing)
 .debug_str     0x00000000000037bb       0xf0 obj_gh60_lufa/common/keymap.o
                                        0xeae (size before relaxing)
 .debug_str     0x00000000000038ab       0xe4 obj_gh60_lufa/common/bootmagic.o
                                        0xbd4 (size before relaxing)
 .debug_str     0x000000000000398f       0x7b obj_gh60_lufa/common/avr/eeconfig.o
                                        0x2c3 (size before relaxing)
 .debug_str     0x0000000000003a0a       0xfd obj_gh60_lufa/common/mousekey.o
                                        0x6b1 (size before relaxing)
 .debug_str     0x0000000000003b07      0x3a3 obj_gh60_lufa/common/command.o
                                        0xd32 (size before relaxing)

.debug_loc      0x0000000000000000     0x7cef
 *(.debug_loc)
 .debug_loc     0x0000000000000000       0x28 obj_gh60_lufa/keymap_plain.o
 .debug_loc     0x0000000000000028      0x3bb obj_gh60_lufa/matrix.o
 .debug_loc     0x00000000000003e3      0x710 obj_gh60_lufa/protocol/lufa/lufa.o
 .debug_loc     0x0000000000000af3      0x20a obj_gh60_lufa/protocol/lufa/descriptor.o
 .debug_loc     0x0000000000000cfd     0x1ea0 obj_gh60_lufa/protocol/lufa/LUFA-git/LUFA/Drivers/USB/Core/AVR8/EndpointStream_AVR8.o
 .debug_loc     0x0000000000002b9d      0x3df obj_gh60_lufa/protocol/lufa/LUFA-git/LUFA/Drivers/USB/Core/AVR8/Endpoint_AVR8.o
 .debug_loc     0x0000000000002f7c       0x49 obj_gh60_lufa/protocol/lufa/LUFA-git/LUFA/Drivers/USB/Core/AVR8/USBController_AVR8.o
 .debug_loc     0x0000000000002fc5      0x363 obj_gh60_lufa/protocol/lufa/LUFA-git/LUFA/Drivers/USB/Core/AVR8/USBInterrupt_AVR8.o
 .debug_loc     0x0000000000003328      0x2e7 obj_gh60_lufa/protocol/lufa/LUFA-git/LUFA/Drivers/USB/Core/DeviceStandardReq.o
 .debug_loc     0x000000000000360f       0x49 obj_gh60_lufa/protocol/lufa/LUFA-git/LUFA/Drivers/USB/Core/USBTask.o
 .debug_loc     0x0000000000003658      0x1c2 obj_gh60_lufa/common/host.o
 .debug_loc     0x000000000000381a      0x179 obj_gh60_lufa/common/keyboard.o
 .debug_loc     0x0000000000003993      0xf7d obj_gh60_lufa/common/action.o
 .debug_loc     0x0000000000004910      0x63d obj_gh60_lufa/common/action_tapping.o
 .debug_loc     0x0000000000004f4d      0x578 obj_gh60_lufa/common/action_macro.o
 .debug_loc     0x00000000000054c5      0x516 obj_gh60_lufa/common/action_layer.o
 .debug_loc     0x00000000000059db      0x3f6 obj_gh60_lufa/common/action_util.o
 .debug_loc     0x0000000000005dd1      0x524 obj_gh60_lufa/common/util.o
 .debug_loc     0x00000000000062f5       0x69 obj_gh60_lufa/common/hook.o
 .debug_loc     0x000000000000635e       0xc5 obj_gh60_lufa/common/avr/suspend.o
 .debug_loc     0x0000000000006423      0x20a obj_gh60_lufa/common/avr/timer.o
 .debug_loc     0x000000000000662d      0x1d6 obj_gh60_lufa/common/keymap.o
 .debug_loc     0x0000000000006803      0x2d5 obj_gh60_lufa/common/bootmagic.o
 .debug_loc     0x0000000000006ad8       0x84 obj_gh60_lufa/common/avr/eeconfig.o
 .debug_loc     0x0000000000006b5c      0x574 obj_gh60_lufa/common/mousekey.o
 .debug_loc     0x00000000000070d0      0xc1f obj_gh60_lufa/common/command.o

.debug_macinfo
 *(.debug_macinfo)

.debug_weaknames
 *(.debug_weaknames)

.debug_funcnames
 *(.debug_funcnames)

.debug_typenames
 *(.debug_typenames)

.debug_varnames
 *(.debug_varnames)

.debug_pubtypes
 *(.debug_pubtypes)

.debug_ranges   0x0000000000000000      0xa28
 *(.debug_ranges)
 .debug_ranges  0x0000000000000000       0x10 obj_gh60_lufa/keymap_plain.o
 .debug_ranges  0x0000000000000010       0x58 obj_gh60_lufa/matrix.o
 .debug_ranges  0x0000000000000068       0x10 obj_gh60_lufa/led.o
 .debug_ranges  0x0000000000000078       0xa8 obj_gh60_lufa/protocol/lufa/lufa.o
 .debug_ranges  0x0000000000000120       0x10 obj_gh60_lufa/protocol/lufa/descriptor.o
 .debug_ranges  0x0000000000000130       0x10 obj_gh60_lufa/protocol/lufa/LUFA-git/LUFA/Drivers/USB/Core/AVR8/Device_AVR8.o
 .debug_ranges  0x0000000000000140      0x1f8 obj_gh60_lufa/protocol/lufa/LUFA-git/LUFA/Drivers/USB/Core/AVR8/EndpointStream_AVR8.o
 .debug_ranges  0x0000000000000338       0x78 obj_gh60_lufa/protocol/lufa/LUFA-git/LUFA/Drivers/USB/Core/AVR8/Endpoint_AVR8.o
 .debug_ranges  0x00000000000003b0       0x20 obj_gh60_lufa/protocol/lufa/LUFA-git/LUFA/Drivers/USB/Core/AVR8/USBController_AVR8.o
 .debug_ranges  0x00000000000003d0       0x40 obj_gh60_lufa/protocol/lufa/LUFA-git/LUFA/Drivers/USB/Core/AVR8/USBInterrupt_AVR8.o
 .debug_ranges  0x0000000000000410       0x28 obj_gh60_lufa/protocol/lufa/LUFA-git/LUFA/Drivers/USB/Core/DeviceStandardReq.o
 .debug_ranges  0x0000000000000438       0x10 obj_gh60_lufa/protocol/lufa/LUFA-git/LUFA/Drivers/USB/Core/USBTask.o
 .debug_ranges  0x0000000000000448       0x50 obj_gh60_lufa/common/host.o
 .debug_ranges  0x0000000000000498       0x50 obj_gh60_lufa/common/keyboard.o
 .debug_ranges  0x00000000000004e8       0xf0 obj_gh60_lufa/common/action.o
 .debug_ranges  0x00000000000005d8       0x48 obj_gh60_lufa/common/action_tapping.o
 .debug_ranges  0x0000000000000620       0x28 obj_gh60_lufa/common/action_macro.o
 .debug_ranges  0x0000000000000648       0x90 obj_gh60_lufa/common/action_layer.o
 .debug_ranges  0x00000000000006d8       0xe8 obj_gh60_lufa/common/action_util.o
 .debug_ranges  0x00000000000007c0       0x10 obj_gh60_lufa/common/print.o
 .debug_ranges  0x00000000000007d0       0x50 obj_gh60_lufa/common/util.o
 .debug_ranges  0x0000000000000820       0x38 obj_gh60_lufa/common/hook.o
 .debug_ranges  0x0000000000000858       0x40 obj_gh60_lufa/common/avr/suspend.o
 .debug_ranges  0x0000000000000898       0x40 obj_gh60_lufa/common/avr/timer.o
 .debug_ranges  0x00000000000008d8       0x18 obj_gh60_lufa/common/avr/bootloader.o
 .debug_ranges  0x00000000000008f0       0x38 obj_gh60_lufa/common/keymap.o
 .debug_ranges  0x0000000000000928       0x20 obj_gh60_lufa/common/bootmagic.o
 .debug_ranges  0x0000000000000948       0x58 obj_gh60_lufa/common/avr/eeconfig.o